EN register_bank NULL C:/Users/DETCP/Desktop/Practicas_4AHC_24_25_G2/P2c_PicoBlaze_HelloWorld_RAM_Int_FLIP/P2c_Picoblaze_HelloWorld_RAM_Int_FLIP/register_bank.vhd sub00/vhpl22 1733326104
AR flip low_level_definition C:/Users/DETCP/Desktop/Practicas_4AHC_24_25_G2/P2c_PicoBlaze_HelloWorld_RAM_Int_FLIP/P2c_Picoblaze_HelloWorld_RAM_Int_FLIP/flip.vhd sub00/vhpl09 1733326089
AR stack_ram low_level_definition C:/Users/DETCP/Desktop/Practicas_4AHC_24_25_G2/P2c_PicoBlaze_HelloWorld_RAM_Int_FLIP/P2c_Picoblaze_HelloWorld_RAM_Int_FLIP/stack_ram.vhd sub00/vhpl27 1733326109
AR register_bank behavioral C:/Users/DETCP/Desktop/Practicas_4AHC_24_25_G2/P2c_PicoBlaze_HelloWorld_RAM_Int_FLIP/P2c_Picoblaze_HelloWorld_RAM_Int_FLIP/register_bank.vhd sub00/vhpl23 1733326105
EN logical_bus_processing NULL C:/Users/DETCP/Desktop/Practicas_4AHC_24_25_G2/P2c_PicoBlaze_HelloWorld_RAM_Int_FLIP/P2c_Picoblaze_HelloWorld_RAM_Int_FLIP/logical_bus_processing.vhd sub00/vhpl10 1733326092
EN shift_rotate NULL C:/Users/DETCP/Desktop/Practicas_4AHC_24_25_G2/P2c_PicoBlaze_HelloWorld_RAM_Int_FLIP/P2c_Picoblaze_HelloWorld_RAM_Int_FLIP/shift_rotate.vhd sub00/vhpl06 1733326086
AR programa_helloworld_int_flip v1 C:/Users/DETCP/Desktop/Practicas_4AHC_24_25_G2/P2c_PicoBlaze_HelloWorld_RAM_Int_FLIP/P2c_Picoblaze_HelloWorld_RAM_Int_FLIP/programa_helloworld_int_FLIP.vhd sub00/vhpl39 1733326121
AR picoblaze behavioral C:/Users/DETCP/Desktop/Practicas_4AHC_24_25_G2/P2c_PicoBlaze_HelloWorld_RAM_Int_FLIP/P2c_Picoblaze_HelloWorld_RAM_Int_FLIP/picoblaze.vhd sub00/vhpl37 1733326119
AR addsub8 low_level_definition C:/Users/DETCP/Desktop/Practicas_4AHC_24_25_G2/P2c_PicoBlaze_HelloWorld_RAM_Int_FLIP/P2c_Picoblaze_HelloWorld_RAM_Int_FLIP/arithmatic.vhd sub00/vhpl05 1733326085
AR arithmetic_process low_level_definition C:/Users/DETCP/Desktop/Practicas_4AHC_24_25_G2/P2c_PicoBlaze_HelloWorld_RAM_Int_FLIP/P2c_Picoblaze_HelloWorld_RAM_Int_FLIP/arithmatic.vhd sub00/vhpl03 1733326083
AR carry_flag_logic low_level_definition C:/Users/DETCP/Desktop/Practicas_4AHC_24_25_G2/P2c_PicoBlaze_HelloWorld_RAM_Int_FLIP/P2c_Picoblaze_HelloWorld_RAM_Int_FLIP/carry_flag_logic.vhd sub00/vhpl17 1733326099
EN program_counter NULL C:/Users/DETCP/Desktop/Practicas_4AHC_24_25_G2/P2c_PicoBlaze_HelloWorld_RAM_Int_FLIP/P2c_Picoblaze_HelloWorld_RAM_Int_FLIP/program_counter.vhd sub00/vhpl20 1733326102
EN stack_counter NULL C:/Users/DETCP/Desktop/Practicas_4AHC_24_25_G2/P2c_PicoBlaze_HelloWorld_RAM_Int_FLIP/P2c_Picoblaze_HelloWorld_RAM_Int_FLIP/stack_counter.vhd sub00/vhpl30 1733326112
AR mix low_level_definition C:/Users/DETCP/Desktop/Practicas_4AHC_24_25_G2/P2c_PicoBlaze_HelloWorld_RAM_Int_FLIP/P2c_Picoblaze_HelloWorld_RAM_Int_FLIP/mix.vhd sub00/vhpl43 1733326091
AR register_and_flag_enable low_level_definition C:/Users/DETCP/Desktop/Practicas_4AHC_24_25_G2/P2c_PicoBlaze_HelloWorld_RAM_Int_FLIP/P2c_Picoblaze_HelloWorld_RAM_Int_FLIP/register_and_flag_enable.vhd sub00/vhpl15 1733326097
EN flip NULL C:/Users/DETCP/Desktop/Practicas_4AHC_24_25_G2/P2c_PicoBlaze_HelloWorld_RAM_Int_FLIP/P2c_Picoblaze_HelloWorld_RAM_Int_FLIP/flip.vhd sub00/vhpl08 1733326088
AR io_strobe_logic low_level_definition C:/Users/DETCP/Desktop/Practicas_4AHC_24_25_G2/P2c_PicoBlaze_HelloWorld_RAM_Int_FLIP/P2c_Picoblaze_HelloWorld_RAM_Int_FLIP/IO_strobe_logic.vhd sub00/vhpl01 1733326081
EN register_and_flag_enable NULL C:/Users/DETCP/Desktop/Practicas_4AHC_24_25_G2/P2c_PicoBlaze_HelloWorld_RAM_Int_FLIP/P2c_Picoblaze_HelloWorld_RAM_Int_FLIP/register_and_flag_enable.vhd sub00/vhpl14 1733326096
EN toplevel NULL C:/Users/DETCP/Desktop/Practicas_4AHC_24_25_G2/P2c_PicoBlaze_HelloWorld_RAM_Int_FLIP/P2c_Picoblaze_HelloWorld_RAM_Int_FLIP/toplevel_helloworld_RAM_Int.vhd sub00/vhpl40 1733326122
EN addsub8 NULL C:/Users/DETCP/Desktop/Practicas_4AHC_24_25_G2/P2c_PicoBlaze_HelloWorld_RAM_Int_FLIP/P2c_Picoblaze_HelloWorld_RAM_Int_FLIP/arithmatic.vhd sub00/vhpl04 1733326084
AR ram_x1s behavioral C:/Users/DETCP/Desktop/Practicas_4AHC_24_25_G2/P2c_PicoBlaze_HelloWorld_RAM_Int_FLIP/P2c_Picoblaze_HelloWorld_RAM_Int_FLIP/stack_ram.vhd sub00/vhpl29 1733326111
EN mix NULL C:/Users/DETCP/Desktop/Practicas_4AHC_24_25_G2/P2c_PicoBlaze_HelloWorld_RAM_Int_FLIP/P2c_Picoblaze_HelloWorld_RAM_Int_FLIP/mix.vhd sub00/vhpl42 1733326090
EN carry_flag_logic NULL C:/Users/DETCP/Desktop/Practicas_4AHC_24_25_G2/P2c_PicoBlaze_HelloWorld_RAM_Int_FLIP/P2c_Picoblaze_HelloWorld_RAM_Int_FLIP/carry_flag_logic.vhd sub00/vhpl16 1733326098
EN interrupt_logic NULL C:/Users/DETCP/Desktop/Practicas_4AHC_24_25_G2/P2c_PicoBlaze_HelloWorld_RAM_Int_FLIP/P2c_Picoblaze_HelloWorld_RAM_Int_FLIP/interrupt_logic.vhd sub00/vhpl34 1733326116
AR shift_rotate low_level_definition C:/Users/DETCP/Desktop/Practicas_4AHC_24_25_G2/P2c_PicoBlaze_HelloWorld_RAM_Int_FLIP/P2c_Picoblaze_HelloWorld_RAM_Int_FLIP/shift_rotate.vhd sub00/vhpl07 1733326087
AR program_counter low_level_definition C:/Users/DETCP/Desktop/Practicas_4AHC_24_25_G2/P2c_PicoBlaze_HelloWorld_RAM_Int_FLIP/P2c_Picoblaze_HelloWorld_RAM_Int_FLIP/program_counter.vhd sub00/vhpl21 1733326103
AR logical_bus_processing low_level_definition C:/Users/DETCP/Desktop/Practicas_4AHC_24_25_G2/P2c_PicoBlaze_HelloWorld_RAM_Int_FLIP/P2c_Picoblaze_HelloWorld_RAM_Int_FLIP/logical_bus_processing.vhd sub00/vhpl11 1733326093
EN programa_helloworld_int_flip NULL C:/Users/DETCP/Desktop/Practicas_4AHC_24_25_G2/P2c_PicoBlaze_HelloWorld_RAM_Int_FLIP/P2c_Picoblaze_HelloWorld_RAM_Int_FLIP/programa_helloworld_int_FLIP.vhd sub00/vhpl38 1733326120
EN stack_ram NULL C:/Users/DETCP/Desktop/Practicas_4AHC_24_25_G2/P2c_PicoBlaze_HelloWorld_RAM_Int_FLIP/P2c_Picoblaze_HelloWorld_RAM_Int_FLIP/stack_ram.vhd sub00/vhpl26 1733326108
AR t_state_and_reset low_level_definition C:/Users/DETCP/Desktop/Practicas_4AHC_24_25_G2/P2c_PicoBlaze_HelloWorld_RAM_Int_FLIP/P2c_Picoblaze_HelloWorld_RAM_Int_FLIP/T_state_and_Reset.vhd sub00/vhpl13 1733326095
AR ram_nx1 behavioral C:/Users/DETCP/Desktop/Practicas_4AHC_24_25_G2/P2c_PicoBlaze_HelloWorld_RAM_Int_FLIP/P2c_Picoblaze_HelloWorld_RAM_Int_FLIP/register_bank.vhd sub00/vhpl25 1733326107
EN io_strobe_logic NULL C:/Users/DETCP/Desktop/Practicas_4AHC_24_25_G2/P2c_PicoBlaze_HelloWorld_RAM_Int_FLIP/P2c_Picoblaze_HelloWorld_RAM_Int_FLIP/IO_strobe_logic.vhd sub00/vhpl00 1733326080
AR toplevel behavioral C:/Users/DETCP/Desktop/Practicas_4AHC_24_25_G2/P2c_PicoBlaze_HelloWorld_RAM_Int_FLIP/P2c_Picoblaze_HelloWorld_RAM_Int_FLIP/toplevel_helloworld_RAM_Int.vhd sub00/vhpl41 1733326123
EN arithmetic_process NULL C:/Users/DETCP/Desktop/Practicas_4AHC_24_25_G2/P2c_PicoBlaze_HelloWorld_RAM_Int_FLIP/P2c_Picoblaze_HelloWorld_RAM_Int_FLIP/arithmatic.vhd sub00/vhpl02 1733326082
AR interrupt_logic low_level_definition C:/Users/DETCP/Desktop/Practicas_4AHC_24_25_G2/P2c_PicoBlaze_HelloWorld_RAM_Int_FLIP/P2c_Picoblaze_HelloWorld_RAM_Int_FLIP/interrupt_logic.vhd sub00/vhpl35 1733326117
AR interrupt_capture low_level_definition C:/Users/DETCP/Desktop/Practicas_4AHC_24_25_G2/P2c_PicoBlaze_HelloWorld_RAM_Int_FLIP/P2c_Picoblaze_HelloWorld_RAM_Int_FLIP/interrupt_capture.vhd sub00/vhpl33 1733326115
EN ram_x1s NULL C:/Users/DETCP/Desktop/Practicas_4AHC_24_25_G2/P2c_PicoBlaze_HelloWorld_RAM_Int_FLIP/P2c_Picoblaze_HelloWorld_RAM_Int_FLIP/stack_ram.vhd sub00/vhpl28 1733326110
EN t_state_and_reset NULL C:/Users/DETCP/Desktop/Practicas_4AHC_24_25_G2/P2c_PicoBlaze_HelloWorld_RAM_Int_FLIP/P2c_Picoblaze_HelloWorld_RAM_Int_FLIP/T_state_and_Reset.vhd sub00/vhpl12 1733326094
EN picoblaze NULL C:/Users/DETCP/Desktop/Practicas_4AHC_24_25_G2/P2c_PicoBlaze_HelloWorld_RAM_Int_FLIP/P2c_Picoblaze_HelloWorld_RAM_Int_FLIP/picoblaze.vhd sub00/vhpl36 1733326118
AR zero_flag_logic low_level_definition C:/Users/DETCP/Desktop/Practicas_4AHC_24_25_G2/P2c_PicoBlaze_HelloWorld_RAM_Int_FLIP/P2c_Picoblaze_HelloWorld_RAM_Int_FLIP/zero_flag_logic.vhd sub00/vhpl19 1733326101
EN zero_flag_logic NULL C:/Users/DETCP/Desktop/Practicas_4AHC_24_25_G2/P2c_PicoBlaze_HelloWorld_RAM_Int_FLIP/P2c_Picoblaze_HelloWorld_RAM_Int_FLIP/zero_flag_logic.vhd sub00/vhpl18 1733326100
AR stack_counter low_level_definition C:/Users/DETCP/Desktop/Practicas_4AHC_24_25_G2/P2c_PicoBlaze_HelloWorld_RAM_Int_FLIP/P2c_Picoblaze_HelloWorld_RAM_Int_FLIP/stack_counter.vhd sub00/vhpl31 1733326113
EN interrupt_capture NULL C:/Users/DETCP/Desktop/Practicas_4AHC_24_25_G2/P2c_PicoBlaze_HelloWorld_RAM_Int_FLIP/P2c_Picoblaze_HelloWorld_RAM_Int_FLIP/interrupt_capture.vhd sub00/vhpl32 1733326114
EN ram_nx1 NULL C:/Users/DETCP/Desktop/Practicas_4AHC_24_25_G2/P2c_PicoBlaze_HelloWorld_RAM_Int_FLIP/P2c_Picoblaze_HelloWorld_RAM_Int_FLIP/register_bank.vhd sub00/vhpl24 1733326106
