Release 14.7 - xst P.20131013 (nt64)
Copyright (c) 1995-2013 Xilinx, Inc.  All rights reserved.
--> Parameter TMPDIR set to xst/projnav.tmp


Total REAL time to Xst completion: 0.00 secs
Total CPU time to Xst completion: 0.05 secs
 
--> Parameter xsthdpdir set to xst


Total REAL time to Xst completion: 0.00 secs
Total CPU time to Xst completion: 0.05 secs
 
--> Reading design: estados.prj

TABLE OF CONTENTS
  1) Synthesis Options Summary
  2) HDL Compilation
  3) Design Hierarchy Analysis
  4) HDL Analysis
  5) HDL Synthesis
     5.1) HDL Synthesis Report
  6) Advanced HDL Synthesis
     6.1) Advanced HDL Synthesis Report
  7) Low Level Synthesis
  8) Partition Report
  9) Final Report
	9.1) Device utilization summary
	9.2) Partition Resource Summary
	9.3) TIMING REPORT


=========================================================================
*                      Synthesis Options Summary                        *
=========================================================================
---- Source Parameters
Input File Name                    : "estados.prj"
Input Format                       : mixed
Ignore Synthesis Constraint File   : NO

---- Target Parameters
Output File Name                   : "estados"
Output Format                      : NGC
Target Device                      : xc3s500e-4-fg320

---- Source Options
Top Module Name                    : estados
Automatic FSM Extraction           : YES
FSM Encoding Algorithm             : Auto
Safe Implementation                : No
FSM Style                          : LUT
RAM Extraction                     : Yes
RAM Style                          : Auto
ROM Extraction                     : Yes
Mux Style                          : Auto
Decoder Extraction                 : YES
Priority Encoder Extraction        : Yes
Shift Register Extraction          : YES
Logical Shifter Extraction         : YES
XOR Collapsing                     : YES
ROM Style                          : Auto
Mux Extraction                     : Yes
Resource Sharing                   : YES
Asynchronous To Synchronous        : NO
Multiplier Style                   : Auto
Automatic Register Balancing       : No

---- Target Options
Add IO Buffers                     : YES
Global Maximum Fanout              : 100000
Add Generic Clock Buffer(BUFG)     : 24
Register Duplication               : YES
Slice Packing                      : YES
Optimize Instantiated Primitives   : NO
Use Clock Enable                   : Yes
Use Synchronous Set                : Yes
Use Synchronous Reset              : Yes
Pack IO Registers into IOBs        : Auto
Equivalent register Removal        : YES

---- General Options
Optimization Goal                  : Speed
Optimization Effort                : 1
Keep Hierarchy                     : No
Netlist Hierarchy                  : As_Optimized
RTL Output                         : Yes
Global Optimization                : AllClockNets
Read Cores                         : YES
Write Timing Constraints           : NO
Cross Clock Analysis               : NO
Hierarchy Separator                : /
Bus Delimiter                      : <>
Case Specifier                     : Maintain
Slice Utilization Ratio            : 100
BRAM Utilization Ratio             : 100
Verilog 2001                       : YES
Auto BRAM Packing                  : NO
Slice Utilization Ratio Delta      : 5

=========================================================================


=========================================================================
*                          HDL Compilation                              *
=========================================================================
Compiling vhdl file "C:/Users/DETCP/Downloads/arq-main/arq-main/P2c_Picoblaze_Helloworld_RAM_INT_FLIP/P2c_Proyecto_Helloworld_RAM_INT_FLIP/modulo_estados.vhd" in Library work.
Entity <estados> compiled.
Entity <estados> (Architecture <behavioral>) compiled.

=========================================================================
*                     Design Hierarchy Analysis                         *
=========================================================================
Analyzing hierarchy for entity <estados> in library <work> (architecture <behavioral>).


=========================================================================
*                            HDL Analysis                               *
=========================================================================
Analyzing Entity <estados> in library <work> (Architecture <behavioral>).
Entity <estados> analyzed. Unit <estados> generated.


=========================================================================
*                           HDL Synthesis                               *
=========================================================================

Performing bidirectional port resolution...

Synthesizing Unit <estados>.
    Related source file is "C:/Users/DETCP/Downloads/arq-main/arq-main/P2c_Picoblaze_Helloworld_RAM_INT_FLIP/P2c_Proyecto_Helloworld_RAM_INT_FLIP/modulo_estados.vhd".
WARNING:Xst:647 - Input <read_strobe> is never used. This port will be preserved and left unconnected if it belongs to a top-level block or it belongs to a sub-block and the hierarchy of this sub-block is preserved.
    Found finite state machine <FSM_0> for signal <estado_actual>.
    -----------------------------------------------------------------------
    | States             | 6                                              |
    | Transitions        | 19                                             |
    | Inputs             | 5                                              |
    | Outputs            | 7                                              |
    | Clock              | clk                       (rising_edge)        |
    | Reset              | reset                     (positive)           |
    | Reset type         | asynchronous                                   |
    | Reset State        | estado_bloqueo                                 |
    | Power Up State     | estado_bloqueo                                 |
    | Encoding           | automatic                                      |
    | Implementation     | LUT                                            |
    -----------------------------------------------------------------------
    Found 3-bit register for signal <count_5>.
    Found 3-bit adder for signal <count_5$addsub0000> created at line 56.
    Found 3-bit comparator less for signal <count_5$cmp_lt0000> created at line 51.
    Found 26-bit register for signal <timer_1s>.
    Found 26-bit adder for signal <timer_1s$addsub0000> created at line 58.
    Found 1-bit register for signal <timer_done>.
    Summary:
	inferred   1 Finite State Machine(s).
	inferred  30 D-type flip-flop(s).
	inferred   2 Adder/Subtractor(s).
	inferred   1 Comparator(s).
Unit <estados> synthesized.


=========================================================================
HDL Synthesis Report

Macro Statistics
# Adders/Subtractors                                   : 2
 26-bit adder                                          : 1
 3-bit adder                                           : 1
# Registers                                            : 3
 1-bit register                                        : 1
 26-bit register                                       : 1
 3-bit register                                        : 1
# Comparators                                          : 1
 3-bit comparator less                                 : 1

=========================================================================

=========================================================================
*                       Advanced HDL Synthesis                          *
=========================================================================

Analyzing FSM <FSM_0> for best encoding.
Optimizing FSM <estado_actual/FSM> on signal <estado_actual[1:6]> with one-hot encoding.
----------------------------
 State          | Encoding
----------------------------
 estado_bloqueo | 000001
 estado_escucha | 000010
 estado_error1  | 001000
 estado_error2  | 010000
 estado_error3  | 100000
 estado_bien    | 000100
----------------------------

=========================================================================
Advanced HDL Synthesis Report

Macro Statistics
# FSMs                                                 : 1
# Adders/Subtractors                                   : 2
 26-bit adder                                          : 1
 3-bit adder                                           : 1
# Registers                                            : 30
 Flip-Flops                                            : 30
# Comparators                                          : 1
 3-bit comparator less                                 : 1

=========================================================================

=========================================================================
*                         Low Level Synthesis                           *
=========================================================================

Optimizing unit <estados> ...

Mapping all equations...
Building and optimizing final netlist ...
Found area constraint ratio of 100 (+ 5) on block estados, actual ratio is 1.

Final Macro Processing ...

=========================================================================
Final Register Report

Macro Statistics
# Registers                                            : 36
 Flip-Flops                                            : 36

=========================================================================

=========================================================================
*                           Partition Report                            *
=========================================================================

Partition Implementation Status
-------------------------------

  No Partitions were found in this design.

-------------------------------

=========================================================================
*                            Final Report                               *
=========================================================================
Final Results
RTL Top Level Output File Name     : estados.ngr
Top Level Output File Name         : estados
Output Format                      : NGC
Optimization Goal                  : Speed
Keep Hierarchy                     : No

Design Statistics
# IOs                              : 28

Cell Usage :
# BELS                             : 140
#      GND                         : 1
#      INV                         : 1
#      LUT1                        : 25
#      LUT2                        : 28
#      LUT3                        : 1
#      LUT3_L                      : 1
#      LUT4                        : 28
#      LUT4_D                      : 1
#      LUT4_L                      : 1
#      MUXCY                       : 25
#      MUXF5                       : 1
#      VCC                         : 1
#      XORCY                       : 26
# FlipFlops/Latches                : 36
#      FDC                         : 32
#      FDCE                        : 3
#      FDP                         : 1
# Clock Buffers                    : 1
#      BUFGP                       : 1
# IO Buffers                       : 26
#      IBUF                        : 18
#      OBUF                        : 8
=========================================================================

Device utilization summary:
---------------------------

Selected Device : 3s500efg320-4 

 Number of Slices:                       47  out of   4656     1%  
 Number of Slice Flip Flops:             36  out of   9312     0%  
 Number of 4 input LUTs:                 86  out of   9312     0%  
 Number of IOs:                          28
 Number of bonded IOBs:                  27  out of    232    11%  
 Number of GCLKs:                         1  out of     24     4%  

---------------------------
Partition Resource Summary:
---------------------------

  No Partitions were found in this design.

---------------------------


=========================================================================
TIMING REPORT

NOTE: THESE TIMING NUMBERS ARE ONLY A SYNTHESIS ESTIMATE.
      FOR ACCURATE TIMING INFORMATION PLEASE REFER TO THE TRACE REPORT
      GENERATED AFTER PLACE-and-ROUTE.

Clock Information:
------------------
-----------------------------------+------------------------+-------+
Clock Signal                       | Clock buffer(FF name)  | Load  |
-----------------------------------+------------------------+-------+
clk                                | BUFGP                  | 36    |
-----------------------------------+------------------------+-------+

Asynchronous Control Signals Information:
----------------------------------------
-----------------------------------+------------------------+-------+
Control Signal                     | Buffer(FF name)        | Load  |
-----------------------------------+------------------------+-------+
reset                              | IBUF                   | 36    |
-----------------------------------+------------------------+-------+

Timing Summary:
---------------
Speed Grade: -4

   Minimum period: 6.400ns (Maximum Frequency: 156.250MHz)
   Minimum input arrival time before clock: 7.235ns
   Maximum output required time after clock: 6.044ns
   Maximum combinational path delay: No path found

Timing Detail:
--------------
All values displayed in nanoseconds (ns)

=========================================================================
Timing constraint: Default period analysis for Clock 'clk'
  Clock period: 6.400ns (frequency: 156.250MHz)
  Total number of paths / destination ports: 1252 / 39
-------------------------------------------------------------------------
Delay:               6.400ns (Levels of Logic = 4)
  Source:            timer_1s_2 (FF)
  Destination:       timer_1s_0 (FF)
  Source Clock:      clk rising
  Destination Clock: clk rising

  Data Path: timer_1s_2 to timer_1s_0
                                Gate     Net
    Cell:in->out      fanout   Delay   Delay  Logical Name (Net Name)
    ----------------------------------------  ------------
     FDC:C->Q              2   0.591   0.622  timer_1s_2 (timer_1s_2)
     LUT4:I0->O            1   0.704   0.499  count_5_not000272 (count_5_not000272)
     LUT4:I1->O            2   0.704   0.451  count_5_not0002115 (count_5_not0002115)
     LUT4:I3->O           16   0.704   1.113  count_5_not0002139_1 (count_5_not0002139)
     LUT2:I1->O            1   0.704   0.000  timer_1s_mux0003<25>1 (timer_1s_mux0003<25>)
     FDC:D                     0.308          timer_1s_0
    ----------------------------------------
    Total                      6.400ns (3.715ns logic, 2.685ns route)
                                       (58.0% logic, 42.0% route)

=========================================================================
Timing constraint: Default OFFSET IN BEFORE for Clock 'clk'
  Total number of paths / destination ports: 143 / 5
-------------------------------------------------------------------------
Offset:              7.235ns (Levels of Logic = 6)
  Source:            out_port<3> (PAD)
  Destination:       estado_actual_FSM_FFd3 (FF)
  Destination Clock: clk rising

  Data Path: out_port<3> to estado_actual_FSM_FFd3
                                Gate     Net
    Cell:in->out      fanout   Delay   Delay  Logical Name (Net Name)
    ----------------------------------------  ------------
     IBUF:I->O             2   1.218   0.622  out_port_3_IBUF (out_port_3_IBUF)
     LUT4:I0->O            2   0.704   0.622  estado_actual_cmp_eq00024 (estado_actual_cmp_eq00024)
     LUT2:I0->O            2   0.704   0.622  estado_actual_cmp_eq000210 (estado_actual_cmp_eq0002)
     LUT4:I0->O            1   0.704   0.000  estado_actual_FSM_FFd2-In111 (estado_actual_FSM_FFd2-In11)
     MUXF5:I1->O           3   0.321   0.706  estado_actual_FSM_FFd2-In11_f5 (estado_actual_FSM_N0)
     LUT4:I0->O            1   0.704   0.000  estado_actual_FSM_FFd3-In1 (estado_actual_FSM_FFd3-In)
     FDC:D                     0.308          estado_actual_FSM_FFd3
    ----------------------------------------
    Total                      7.235ns (4.663ns logic, 2.572ns route)
                                       (64.5% logic, 35.5% route)

=========================================================================
Timing constraint: Default OFFSET OUT AFTER for Clock 'clk'
  Total number of paths / destination ports: 10 / 5
-------------------------------------------------------------------------
Offset:              6.044ns (Levels of Logic = 2)
  Source:            estado_actual_FSM_FFd6 (FF)
  Destination:       out_result<0> (PAD)
  Source Clock:      clk rising

  Data Path: estado_actual_FSM_FFd6 to out_result<0>
                                Gate     Net
    Cell:in->out      fanout   Delay   Delay  Logical Name (Net Name)
    ----------------------------------------  ------------
     FDP:C->Q             10   0.591   1.057  estado_actual_FSM_FFd6 (estado_actual_FSM_FFd6)
     LUT4:I0->O            1   0.704   0.420  out_result<0>1 (out_result_0_OBUF)
     OBUF:I->O                 3.272          out_result_0_OBUF (out_result<0>)
    ----------------------------------------
    Total                      6.044ns (4.567ns logic, 1.477ns route)
                                       (75.6% logic, 24.4% route)

=========================================================================


Total REAL time to Xst completion: 2.00 secs
Total CPU time to Xst completion: 2.29 secs
 
--> 

Total memory usage is 4515152 kilobytes

Number of errors   :    0 (   0 filtered)
Number of warnings :    1 (   0 filtered)
Number of infos    :    0 (   0 filtered)

