Release 14.7 - xst P.20131013 (nt64)
Copyright (c) 1995-2013 Xilinx, Inc.  All rights reserved.
--> Parameter TMPDIR set to xst/projnav.tmp


Total REAL time to Xst completion: 0.00 secs
Total CPU time to Xst completion: 0.16 secs
 
--> Parameter xsthdpdir set to xst


Total REAL time to Xst completion: 0.00 secs
Total CPU time to Xst completion: 0.16 secs
 
--> Reading design: toplevel.prj

TABLE OF CONTENTS
  1) Synthesis Options Summary
  2) HDL Compilation
  3) Design Hierarchy Analysis
  4) HDL Analysis
  5) HDL Synthesis
     5.1) HDL Synthesis Report
  6) Advanced HDL Synthesis
     6.1) Advanced HDL Synthesis Report
  7) Low Level Synthesis
  8) Partition Report
  9) Final Report
	9.1) Device utilization summary
	9.2) Partition Resource Summary
	9.3) TIMING REPORT


=========================================================================
*                      Synthesis Options Summary                        *
=========================================================================
---- Source Parameters
Input File Name                    : "toplevel.prj"
Input Format                       : mixed
Ignore Synthesis Constraint File   : NO

---- Target Parameters
Output File Name                   : "toplevel"
Output Format                      : NGC
Target Device                      : xc3s500e-4-fg320

---- Source Options
Top Module Name                    : toplevel
Automatic FSM Extraction           : YES
FSM Encoding Algorithm             : Auto
Safe Implementation                : No
FSM Style                          : LUT
RAM Extraction                     : Yes
RAM Style                          : Auto
ROM Extraction                     : Yes
Mux Style                          : Auto
Decoder Extraction                 : YES
Priority Encoder Extraction        : Yes
Shift Register Extraction          : YES
Logical Shifter Extraction         : YES
XOR Collapsing                     : YES
ROM Style                          : Auto
Mux Extraction                     : Yes
Resource Sharing                   : YES
Asynchronous To Synchronous        : NO
Multiplier Style                   : Auto
Automatic Register Balancing       : No

---- Target Options
Add IO Buffers                     : YES
Global Maximum Fanout              : 100000
Add Generic Clock Buffer(BUFG)     : 24
Register Duplication               : YES
Slice Packing                      : YES
Optimize Instantiated Primitives   : NO
Use Clock Enable                   : Yes
Use Synchronous Set                : Yes
Use Synchronous Reset              : Yes
Pack IO Registers into IOBs        : Auto
Equivalent register Removal        : YES

---- General Options
Optimization Goal                  : Speed
Optimization Effort                : 1
Keep Hierarchy                     : No
Netlist Hierarchy                  : As_Optimized
RTL Output                         : Yes
Global Optimization                : AllClockNets
Read Cores                         : YES
Write Timing Constraints           : NO
Cross Clock Analysis               : NO
Hierarchy Separator                : /
Bus Delimiter                      : <>
Case Specifier                     : Maintain
Slice Utilization Ratio            : 100
BRAM Utilization Ratio             : 100
Verilog 2001                       : YES
Auto BRAM Packing                  : NO
Slice Utilization Ratio Delta      : 5

=========================================================================


=========================================================================
*                          HDL Compilation                              *
=========================================================================
Compiling vhdl file "C:/Users/mambr/OneDrive/Documentos/GitHub/arq/P2c_Picoblaze_Helloworld_RAM_INT_FLIP/P2c_Proyecto_Helloworld_RAM_INT_FLIP/vga.vhd" in Library work.
Architecture behavioral of Entity vga is up to date.
Compiling vhdl file "C:/Users/mambr/OneDrive/Documentos/GitHub/arq/P2c_Picoblaze_Helloworld_RAM_INT_FLIP/P2c_Proyecto_Helloworld_RAM_INT_FLIP/IO_strobe_logic.vhd" in Library work.
Architecture low_level_definition of Entity io_strobe_logic is up to date.
Compiling vhdl file "C:/Users/mambr/OneDrive/Documentos/GitHub/arq/P2c_Picoblaze_Helloworld_RAM_INT_FLIP/P2c_Proyecto_Helloworld_RAM_INT_FLIP/arithmatic.vhd" in Library work.
Architecture low_level_definition of Entity arithmetic_process is up to date.
Architecture low_level_definition of Entity addsub8 is up to date.
Compiling vhdl file "C:/Users/mambr/OneDrive/Documentos/GitHub/arq/P2c_Picoblaze_Helloworld_RAM_INT_FLIP/P2c_Proyecto_Helloworld_RAM_INT_FLIP/shift_rotate.vhd" in Library work.
Architecture low_level_definition of Entity shift_rotate is up to date.
Compiling vhdl file "C:/Users/mambr/OneDrive/Documentos/GitHub/arq/P2c_Picoblaze_Helloworld_RAM_INT_FLIP/P2c_Proyecto_Helloworld_RAM_INT_FLIP/hasher.vhd" in Library work.
Architecture low_level_definition of Entity hasher is up to date.
Compiling vhdl file "C:/Users/mambr/OneDrive/Documentos/GitHub/arq/P2c_Picoblaze_Helloworld_RAM_INT_FLIP/P2c_Proyecto_Helloworld_RAM_INT_FLIP/logical_bus_processing.vhd" in Library work.
Architecture low_level_definition of Entity logical_bus_processing is up to date.
Compiling vhdl file "C:/Users/mambr/OneDrive/Documentos/GitHub/arq/P2c_Picoblaze_Helloworld_RAM_INT_FLIP/P2c_Proyecto_Helloworld_RAM_INT_FLIP/T_state_and_Reset.vhd" in Library work.
Architecture low_level_definition of Entity t_state_and_reset is up to date.
Compiling vhdl file "C:/Users/mambr/OneDrive/Documentos/GitHub/arq/P2c_Picoblaze_Helloworld_RAM_INT_FLIP/P2c_Proyecto_Helloworld_RAM_INT_FLIP/register_and_flag_enable.vhd" in Library work.
Architecture low_level_definition of Entity register_and_flag_enable is up to date.
Compiling vhdl file "C:/Users/mambr/OneDrive/Documentos/GitHub/arq/P2c_Picoblaze_Helloworld_RAM_INT_FLIP/P2c_Proyecto_Helloworld_RAM_INT_FLIP/carry_flag_logic.vhd" in Library work.
Architecture low_level_definition of Entity carry_flag_logic is up to date.
Compiling vhdl file "C:/Users/mambr/OneDrive/Documentos/GitHub/arq/P2c_Picoblaze_Helloworld_RAM_INT_FLIP/P2c_Proyecto_Helloworld_RAM_INT_FLIP/zero_flag_logic.vhd" in Library work.
Architecture low_level_definition of Entity zero_flag_logic is up to date.
Compiling vhdl file "C:/Users/mambr/OneDrive/Documentos/GitHub/arq/P2c_Picoblaze_Helloworld_RAM_INT_FLIP/P2c_Proyecto_Helloworld_RAM_INT_FLIP/program_counter.vhd" in Library work.
Architecture low_level_definition of Entity program_counter is up to date.
Compiling vhdl file "C:/Users/mambr/OneDrive/Documentos/GitHub/arq/P2c_Picoblaze_Helloworld_RAM_INT_FLIP/P2c_Proyecto_Helloworld_RAM_INT_FLIP/register_bank.vhd" in Library work.
Architecture behavioral of Entity register_bank is up to date.
Architecture behavioral of Entity ram_nx1 is up to date.
Compiling vhdl file "C:/Users/mambr/OneDrive/Documentos/GitHub/arq/P2c_Picoblaze_Helloworld_RAM_INT_FLIP/P2c_Proyecto_Helloworld_RAM_INT_FLIP/stack_ram.vhd" in Library work.
Architecture low_level_definition of Entity stack_ram is up to date.
Architecture behavioral of Entity ram_x1s is up to date.
Compiling vhdl file "C:/Users/mambr/OneDrive/Documentos/GitHub/arq/P2c_Picoblaze_Helloworld_RAM_INT_FLIP/P2c_Proyecto_Helloworld_RAM_INT_FLIP/stack_counter.vhd" in Library work.
Architecture low_level_definition of Entity stack_counter is up to date.
Compiling vhdl file "C:/Users/mambr/OneDrive/Documentos/GitHub/arq/P2c_Picoblaze_Helloworld_RAM_INT_FLIP/P2c_Proyecto_Helloworld_RAM_INT_FLIP/interrupt_capture.vhd" in Library work.
Architecture low_level_definition of Entity interrupt_capture is up to date.
Compiling vhdl file "C:/Users/mambr/OneDrive/Documentos/GitHub/arq/P2c_Picoblaze_Helloworld_RAM_INT_FLIP/P2c_Proyecto_Helloworld_RAM_INT_FLIP/interrupt_logic.vhd" in Library work.
Architecture low_level_definition of Entity interrupt_logic is up to date.
Compiling vhdl file "C:/Users/mambr/OneDrive/Documentos/GitHub/arq/P2c_Picoblaze_Helloworld_RAM_INT_FLIP/P2c_Proyecto_Helloworld_RAM_INT_FLIP/picoblaze.vhd" in Library work.
Architecture behavioral of Entity picoblaze is up to date.
Compiling vhdl file "C:/Users/mambr/OneDrive/Documentos/GitHub/arq/P2c_Picoblaze_Helloworld_RAM_INT_FLIP/P2c_Proyecto_Helloworld_RAM_INT_FLIP/pruebanuevo.vhd" in Library work.
Architecture v1 of Entity pruebanuevo is up to date.
Compiling vhdl file "C:/Users/mambr/OneDrive/Documentos/GitHub/arq/P2c_Picoblaze_Helloworld_RAM_INT_FLIP/P2c_Proyecto_Helloworld_RAM_INT_FLIP/modulo_xor.vhd" in Library work.
Architecture behavioral of Entity modulo_xor is up to date.
Compiling vhdl file "C:/Users/mambr/OneDrive/Documentos/GitHub/arq/P2c_Picoblaze_Helloworld_RAM_INT_FLIP/P2c_Proyecto_Helloworld_RAM_INT_FLIP/vga_inter.vhd" in Library work.
Architecture behavioral of Entity vga_inter is up to date.
Compiling vhdl file "C:/Users/mambr/OneDrive/Documentos/GitHub/arq/P2c_Picoblaze_Helloworld_RAM_INT_FLIP/P2c_Proyecto_Helloworld_RAM_INT_FLIP/modulo_estados.vhd" in Library work.
Architecture behavioral of Entity estados is up to date.
Compiling vhdl file "C:/Users/mambr/OneDrive/Documentos/GitHub/arq/P2c_Picoblaze_Helloworld_RAM_INT_FLIP/P2c_Proyecto_Helloworld_RAM_INT_FLIP/toplevel_helloworld_RAM_Int.vhd" in Library work.
Architecture behavioral of Entity toplevel is up to date.

=========================================================================
*                     Design Hierarchy Analysis                         *
=========================================================================
Analyzing hierarchy for entity <toplevel> in library <work> (architecture <behavioral>).

Analyzing hierarchy for entity <picoblaze> in library <work> (architecture <behavioral>).

Analyzing hierarchy for entity <pruebanuevo> in library <work> (architecture <v1>).

Analyzing hierarchy for entity <modulo_xor> in library <work> (architecture <behavioral>).

Analyzing hierarchy for entity <vga_inter> in library <work> (architecture <behavioral>).

Analyzing hierarchy for entity <estados> in library <work> (architecture <behavioral>).

Analyzing hierarchy for entity <IO_strobe_logic> in library <work> (architecture <low_level_definition>).

Analyzing hierarchy for entity <arithmetic_process> in library <work> (architecture <low_level_definition>).

Analyzing hierarchy for entity <shift_rotate> in library <work> (architecture <low_level_definition>).

Analyzing hierarchy for entity <hasher> in library <work> (architecture <low_level_definition>).

Analyzing hierarchy for entity <logical_bus_processing> in library <work> (architecture <low_level_definition>).

Analyzing hierarchy for entity <T_state_and_Reset> in library <work> (architecture <low_level_definition>).

Analyzing hierarchy for entity <register_and_flag_enable> in library <work> (architecture <low_level_definition>).

Analyzing hierarchy for entity <carry_flag_logic> in library <work> (architecture <low_level_definition>).

Analyzing hierarchy for entity <zero_flag_logic> in library <work> (architecture <low_level_definition>).

Analyzing hierarchy for entity <program_counter> in library <work> (architecture <low_level_definition>).

Analyzing hierarchy for entity <register_bank> in library <work> (architecture <behavioral>) with generics.
	M = 3

Analyzing hierarchy for entity <stack_ram> in library <work> (architecture <low_level_definition>) with generics.
	M = 2
	N = 8

Analyzing hierarchy for entity <stack_counter> in library <work> (architecture <low_level_definition>) with generics.
	N = 2

Analyzing hierarchy for entity <interrupt_capture> in library <work> (architecture <low_level_definition>).

Analyzing hierarchy for entity <interrupt_logic> in library <work> (architecture <low_level_definition>).

Analyzing hierarchy for entity <vga> in library <work> (architecture <behavioral>).

Analyzing hierarchy for entity <addsub8> in library <work> (architecture <low_level_definition>).

Analyzing hierarchy for entity <ram_Nx1> in library <work> (architecture <behavioral>) with generics.
	M = 3

Analyzing hierarchy for entity <ram_x1s> in library <work> (architecture <behavioral>) with generics.
	M = 2


=========================================================================
*                            HDL Analysis                               *
=========================================================================
Analyzing Entity <toplevel> in library <work> (Architecture <behavioral>).
WARNING:Xst:790 - "C:/Users/mambr/OneDrive/Documentos/GitHub/arq/P2c_Picoblaze_Helloworld_RAM_INT_FLIP/P2c_Proyecto_Helloworld_RAM_INT_FLIP/toplevel_helloworld_RAM_Int.vhd" line 251: Index value(s) does not match array range, simulation mismatch.
INFO:Xst:1433 - Contents of array <RAM> may be accessed with an index that exceeds the array size. This could cause simulation mismatch.
WARNING:Xst:790 - "C:/Users/mambr/OneDrive/Documentos/GitHub/arq/P2c_Picoblaze_Helloworld_RAM_INT_FLIP/P2c_Proyecto_Helloworld_RAM_INT_FLIP/toplevel_helloworld_RAM_Int.vhd" line 255: Index value(s) does not match array range, simulation mismatch.
INFO:Xst:1433 - Contents of array <RAM> may be accessed with an index that exceeds the array size. This could cause simulation mismatch.
Entity <toplevel> analyzed. Unit <toplevel> generated.

Analyzing Entity <picoblaze> in library <work> (Architecture <behavioral>).
Entity <picoblaze> analyzed. Unit <picoblaze> generated.

Analyzing Entity <IO_strobe_logic> in library <work> (Architecture <low_level_definition>).
Entity <IO_strobe_logic> analyzed. Unit <IO_strobe_logic> generated.

Analyzing Entity <arithmetic_process> in library <work> (Architecture <low_level_definition>).
Entity <arithmetic_process> analyzed. Unit <arithmetic_process> generated.

Analyzing Entity <addsub8> in library <work> (Architecture <low_level_definition>).
Entity <addsub8> analyzed. Unit <addsub8> generated.

Analyzing Entity <shift_rotate> in library <work> (Architecture <low_level_definition>).
Entity <shift_rotate> analyzed. Unit <shift_rotate> generated.

Analyzing Entity <hasher> in library <work> (Architecture <low_level_definition>).
Entity <hasher> analyzed. Unit <hasher> generated.

Analyzing Entity <logical_bus_processing> in library <work> (Architecture <low_level_definition>).
Entity <logical_bus_processing> analyzed. Unit <logical_bus_processing> generated.

Analyzing Entity <T_state_and_Reset> in library <work> (Architecture <low_level_definition>).
Entity <T_state_and_Reset> analyzed. Unit <T_state_and_Reset> generated.

Analyzing Entity <register_and_flag_enable> in library <work> (Architecture <low_level_definition>).
Entity <register_and_flag_enable> analyzed. Unit <register_and_flag_enable> generated.

Analyzing Entity <carry_flag_logic> in library <work> (Architecture <low_level_definition>).
Entity <carry_flag_logic> analyzed. Unit <carry_flag_logic> generated.

Analyzing Entity <zero_flag_logic> in library <work> (Architecture <low_level_definition>).
Entity <zero_flag_logic> analyzed. Unit <zero_flag_logic> generated.

Analyzing Entity <program_counter> in library <work> (Architecture <low_level_definition>).
Entity <program_counter> analyzed. Unit <program_counter> generated.

Analyzing generic Entity <register_bank> in library <work> (Architecture <behavioral>).
	M = 3
Entity <register_bank> analyzed. Unit <register_bank> generated.

Analyzing generic Entity <ram_Nx1> in library <work> (Architecture <behavioral>).
	M = 3
Entity <ram_Nx1> analyzed. Unit <ram_Nx1> generated.

Analyzing generic Entity <stack_ram> in library <work> (Architecture <low_level_definition>).
	M = 2
	N = 8
Entity <stack_ram> analyzed. Unit <stack_ram> generated.

Analyzing generic Entity <ram_x1s> in library <work> (Architecture <behavioral>).
	M = 2
Entity <ram_x1s> analyzed. Unit <ram_x1s> generated.

Analyzing generic Entity <stack_counter> in library <work> (Architecture <low_level_definition>).
	N = 2
Entity <stack_counter> analyzed. Unit <stack_counter> generated.

Analyzing Entity <interrupt_capture> in library <work> (Architecture <low_level_definition>).
Entity <interrupt_capture> analyzed. Unit <interrupt_capture> generated.

Analyzing Entity <interrupt_logic> in library <work> (Architecture <low_level_definition>).
Entity <interrupt_logic> analyzed. Unit <interrupt_logic> generated.

Analyzing Entity <pruebanuevo> in library <work> (Architecture <v1>).
Entity <pruebanuevo> analyzed. Unit <pruebanuevo> generated.

Analyzing Entity <modulo_xor> in library <work> (Architecture <behavioral>).
Entity <modulo_xor> analyzed. Unit <modulo_xor> generated.

Analyzing Entity <vga_inter> in library <work> (Architecture <behavioral>).
INFO:Xst:2679 - Register <pos_x> in unit <vga_inter> has a constant value of 1010000000 during circuit operation. The register is replaced by logic.
INFO:Xst:2679 - Register <pos_y> in unit <vga_inter> has a constant value of 0111100000 during circuit operation. The register is replaced by logic.
Entity <vga_inter> analyzed. Unit <vga_inter> generated.

Analyzing Entity <vga> in library <work> (Architecture <behavioral>).
Entity <vga> analyzed. Unit <vga> generated.

Analyzing Entity <estados> in library <work> (Architecture <behavioral>).
Entity <estados> analyzed. Unit <estados> generated.


=========================================================================
*                           HDL Synthesis                               *
=========================================================================

Performing bidirectional port resolution...

Synthesizing Unit <pruebanuevo>.
    Related source file is "C:/Users/mambr/OneDrive/Documentos/GitHub/arq/P2c_Picoblaze_Helloworld_RAM_INT_FLIP/P2c_Proyecto_Helloworld_RAM_INT_FLIP/pruebanuevo.vhd".
    Found 256x16-bit ROM for signal <dout$rom0000> created at line 282.
    Found 16-bit register for signal <dout>.
    Summary:
	inferred   1 ROM(s).
	inferred  16 D-type flip-flop(s).
Unit <pruebanuevo> synthesized.


Synthesizing Unit <modulo_xor>.
    Related source file is "C:/Users/mambr/OneDrive/Documentos/GitHub/arq/P2c_Picoblaze_Helloworld_RAM_INT_FLIP/P2c_Proyecto_Helloworld_RAM_INT_FLIP/modulo_xor.vhd".
WARNING:Xst:737 - Found 8-bit latch for signal <out_result>. Latches may be generated from incomplete case or if statements. We do not recommend the use of latches in FPGA/CPLD designs, as they may lead to timing problems.
    Found 8-bit register for signal <char_1>.
    Found 8-bit register for signal <char_2>.
    Found 8-bit register for signal <char_3>.
    Found 8-bit register for signal <char_4>.
    Summary:
	inferred  32 D-type flip-flop(s).
Unit <modulo_xor> synthesized.


Synthesizing Unit <estados>.
    Related source file is "C:/Users/mambr/OneDrive/Documentos/GitHub/arq/P2c_Picoblaze_Helloworld_RAM_INT_FLIP/P2c_Proyecto_Helloworld_RAM_INT_FLIP/modulo_estados.vhd".
    Found finite state machine <FSM_0> for signal <current_state>.
    -----------------------------------------------------------------------
    | States             | 6                                              |
    | Transitions        | 19                                             |
    | Inputs             | 5                                              |
    | Outputs            | 1                                              |
    | Clock              | clk                       (rising_edge)        |
    | Reset              | reset                     (positive)           |
    | Reset type         | asynchronous                                   |
    | Reset State        | estado_bloqueo                                 |
    | Power Up State     | estado_bloqueo                                 |
    | Encoding           | automatic                                      |
    | Implementation     | LUT                                            |
    -----------------------------------------------------------------------
    Found 28-bit comparator greatequal for signal <current_state$cmp_ge0000> created at line 82.
    Found 28-bit register for signal <timer_counter>.
    Found 28-bit adder for signal <timer_counter$addsub0000> created at line 57.
    Found 28-bit comparator less for signal <timer_counter$cmp_lt0000> created at line 56.
    Summary:
	inferred   1 Finite State Machine(s).
	inferred  28 D-type flip-flop(s).
	inferred   1 Adder/Subtractor(s).
	inferred   2 Comparator(s).
Unit <estados> synthesized.


Synthesizing Unit <IO_strobe_logic>.
    Related source file is "C:/Users/mambr/OneDrive/Documentos/GitHub/arq/P2c_Picoblaze_Helloworld_RAM_INT_FLIP/P2c_Proyecto_Helloworld_RAM_INT_FLIP/IO_strobe_logic.vhd".
    Found 1-bit register for signal <read_strobe>.
    Found 1-bit register for signal <write_strobe>.
    Summary:
	inferred   2 D-type flip-flop(s).
Unit <IO_strobe_logic> synthesized.


Synthesizing Unit <shift_rotate>.
    Related source file is "C:/Users/mambr/OneDrive/Documentos/GitHub/arq/P2c_Picoblaze_Helloworld_RAM_INT_FLIP/P2c_Proyecto_Helloworld_RAM_INT_FLIP/shift_rotate.vhd".
    Found 1-bit register for signal <carry_out>.
    Found 8-bit register for signal <Y>.
    Summary:
	inferred   9 D-type flip-flop(s).
Unit <shift_rotate> synthesized.


Synthesizing Unit <hasher>.
    Related source file is "C:/Users/mambr/OneDrive/Documentos/GitHub/arq/P2c_Picoblaze_Helloworld_RAM_INT_FLIP/P2c_Proyecto_Helloworld_RAM_INT_FLIP/hasher.vhd".
    Found 8-bit register for signal <Y>.
    Found 8-bit xor3 for signal <stage5_mix>.
    Summary:
	inferred   8 D-type flip-flop(s).
	inferred   8 Xor(s).
Unit <hasher> synthesized.


Synthesizing Unit <logical_bus_processing>.
    Related source file is "C:/Users/mambr/OneDrive/Documentos/GitHub/arq/P2c_Picoblaze_Helloworld_RAM_INT_FLIP/P2c_Proyecto_Helloworld_RAM_INT_FLIP/logical_bus_processing.vhd".
WARNING:Xst:646 - Signal <sel> is assigned but never used. This unconnected signal will be trimmed during the optimization process.
    Found 8-bit register for signal <Y>.
    Found 1-bit xor2 for signal <combinatorial_logical_processing_0$xor0000> created at line 44.
    Found 1-bit xor2 for signal <combinatorial_logical_processing_1$xor0000> created at line 44.
    Found 1-bit xor2 for signal <combinatorial_logical_processing_2$xor0000> created at line 44.
    Found 1-bit xor2 for signal <combinatorial_logical_processing_3$xor0000> created at line 44.
    Found 1-bit xor2 for signal <combinatorial_logical_processing_4$xor0000> created at line 44.
    Found 1-bit xor2 for signal <combinatorial_logical_processing_5$xor0000> created at line 44.
    Found 1-bit xor2 for signal <combinatorial_logical_processing_6$xor0000> created at line 44.
    Found 1-bit xor2 for signal <combinatorial_logical_processing_7$xor0000> created at line 44.
    Summary:
	inferred   8 D-type flip-flop(s).
Unit <logical_bus_processing> synthesized.


Synthesizing Unit <T_state_and_Reset>.
    Related source file is "C:/Users/mambr/OneDrive/Documentos/GitHub/arq/P2c_Picoblaze_Helloworld_RAM_INT_FLIP/P2c_Proyecto_Helloworld_RAM_INT_FLIP/T_state_and_Reset.vhd".
    Found 1-bit register for signal <internal_T_state>.
    Found 1-bit register for signal <reset_delay1>.
    Found 1-bit register for signal <reset_delay2>.
    Summary:
	inferred   3 D-type flip-flop(s).
Unit <T_state_and_Reset> synthesized.


Synthesizing Unit <register_and_flag_enable>.
    Related source file is "C:/Users/mambr/OneDrive/Documentos/GitHub/arq/P2c_Picoblaze_Helloworld_RAM_INT_FLIP/P2c_Proyecto_Helloworld_RAM_INT_FLIP/register_and_flag_enable.vhd".
    Found 1-bit register for signal <arith_or_logical_valid>.
    Found 1-bit register for signal <register_write_valid>.
    Found 1-bit register for signal <returni_or_shift_valid>.
    Summary:
	inferred   3 D-type flip-flop(s).
Unit <register_and_flag_enable> synthesized.


Synthesizing Unit <carry_flag_logic>.
    Related source file is "C:/Users/mambr/OneDrive/Documentos/GitHub/arq/P2c_Picoblaze_Helloworld_RAM_INT_FLIP/P2c_Proyecto_Helloworld_RAM_INT_FLIP/carry_flag_logic.vhd".
    Found 1-bit register for signal <carry_flag>.
    Summary:
	inferred   1 D-type flip-flop(s).
Unit <carry_flag_logic> synthesized.


Synthesizing Unit <zero_flag_logic>.
    Related source file is "C:/Users/mambr/OneDrive/Documentos/GitHub/arq/P2c_Picoblaze_Helloworld_RAM_INT_FLIP/P2c_Proyecto_Helloworld_RAM_INT_FLIP/zero_flag_logic.vhd".
    Found 1-bit register for signal <zero_flag>.
    Summary:
	inferred   1 D-type flip-flop(s).
Unit <zero_flag_logic> synthesized.


Synthesizing Unit <program_counter>.
    Related source file is "C:/Users/mambr/OneDrive/Documentos/GitHub/arq/P2c_Picoblaze_Helloworld_RAM_INT_FLIP/P2c_Proyecto_Helloworld_RAM_INT_FLIP/program_counter.vhd".
    Found 8-bit register for signal <count_value>.
    Found 8-bit adder for signal <count_value$share0000> created at line 57.
    Summary:
	inferred   8 D-type flip-flop(s).
	inferred   1 Adder/Subtractor(s).
Unit <program_counter> synthesized.


Synthesizing Unit <stack_counter>.
    Related source file is "C:/Users/mambr/OneDrive/Documentos/GitHub/arq/P2c_Picoblaze_Helloworld_RAM_INT_FLIP/P2c_Proyecto_Helloworld_RAM_INT_FLIP/stack_counter.vhd".
    Found 2-bit register for signal <count_value>.
    Found 1-bit xor2 for signal <next_count<1>>.
    Summary:
	inferred   2 D-type flip-flop(s).
Unit <stack_counter> synthesized.


Synthesizing Unit <interrupt_capture>.
    Related source file is "C:/Users/mambr/OneDrive/Documentos/GitHub/arq/P2c_Picoblaze_Helloworld_RAM_INT_FLIP/P2c_Proyecto_Helloworld_RAM_INT_FLIP/interrupt_capture.vhd".
    Found 1-bit register for signal <active_interrupt_pulse>.
    Found 1-bit register for signal <clean_interrupt>.
    Summary:
	inferred   2 D-type flip-flop(s).
Unit <interrupt_capture> synthesized.


Synthesizing Unit <interrupt_logic>.
    Related source file is "C:/Users/mambr/OneDrive/Documentos/GitHub/arq/P2c_Picoblaze_Helloworld_RAM_INT_FLIP/P2c_Proyecto_Helloworld_RAM_INT_FLIP/interrupt_logic.vhd".
    Found 1-bit register for signal <shaddow_carry>.
    Found 1-bit register for signal <shaddow_zero>.
    Found 1-bit register for signal <interrupt_enable>.
    Summary:
	inferred   3 D-type flip-flop(s).
Unit <interrupt_logic> synthesized.


Synthesizing Unit <addsub8>.
    Related source file is "C:/Users/mambr/OneDrive/Documentos/GitHub/arq/P2c_Picoblaze_Helloworld_RAM_INT_FLIP/P2c_Proyecto_Helloworld_RAM_INT_FLIP/arithmatic.vhd".
    Found 8-bit register for signal <Y>.
    Found 8-bit xor2 for signal <full_addsub>.
    Summary:
	inferred   8 D-type flip-flop(s).
Unit <addsub8> synthesized.


Synthesizing Unit <ram_Nx1>.
    Related source file is "C:/Users/mambr/OneDrive/Documentos/GitHub/arq/P2c_Picoblaze_Helloworld_RAM_INT_FLIP/P2c_Proyecto_Helloworld_RAM_INT_FLIP/register_bank.vhd".
    Found 1-bit 8-to-1 multiplexer for signal <spo>.
    Found 1-bit 8-to-1 multiplexer for signal <dpo>.
    Found 8-bit register for signal <rambit>.
    Summary:
	inferred   8 D-type flip-flop(s).
	inferred   2 Multiplexer(s).
Unit <ram_Nx1> synthesized.


Synthesizing Unit <ram_x1s>.
    Related source file is "C:/Users/mambr/OneDrive/Documentos/GitHub/arq/P2c_Picoblaze_Helloworld_RAM_INT_FLIP/P2c_Proyecto_Helloworld_RAM_INT_FLIP/stack_ram.vhd".
    Found 1-bit 4-to-1 multiplexer for signal <o>.
    Found 4-bit register for signal <rambit>.
    Summary:
	inferred   4 D-type flip-flop(s).
	inferred   1 Multiplexer(s).
Unit <ram_x1s> synthesized.


Synthesizing Unit <vga>.
    Related source file is "C:/Users/mambr/OneDrive/Documentos/GitHub/arq/P2c_Picoblaze_Helloworld_RAM_INT_FLIP/P2c_Proyecto_Helloworld_RAM_INT_FLIP/vga.vhd".
WARNING:Xst:1780 - Signal <inh_col_int> is never used or assigned. This unconnected signal will be trimmed during the optimization process.
    Found 1-bit register for signal <inhibicion_color>.
    Found 10-bit comparator lessequal for signal <inh_h$cmp_le0000> created at line 114.
    Found 10-bit comparator lessequal for signal <inh_v$cmp_le0000> created at line 123.
    Found 10-bit up counter for signal <linea>.
    Found 10-bit comparator less for signal <linea$cmp_lt0000> created at line 137.
    Found 10-bit up counter for signal <pixel>.
    Found 10-bit comparator less for signal <pixel$cmp_lt0000> created at line 73.
    Found 1-bit register for signal <sinc_h_i>.
    Found 10-bit comparator greatequal for signal <sinc_h_i$cmp_ge0000> created at line 86.
    Found 10-bit comparator less for signal <sinc_h_i$cmp_lt0000> created at line 86.
    Found 1-bit register for signal <sinc_v_i>.
    Found 10-bit comparator greatequal for signal <sinc_v_i$cmp_ge0000> created at line 101.
    Found 10-bit comparator less for signal <sinc_v_i$cmp_lt0000> created at line 101.
    Summary:
	inferred   2 Counter(s).
	inferred   3 D-type flip-flop(s).
	inferred   8 Comparator(s).
Unit <vga> synthesized.


Synthesizing Unit <vga_inter>.
    Related source file is "C:/Users/mambr/OneDrive/Documentos/GitHub/arq/P2c_Picoblaze_Helloworld_RAM_INT_FLIP/P2c_Proyecto_Helloworld_RAM_INT_FLIP/vga_inter.vhd".
    Found 3-bit register for signal <VGA_out_inter_int>.
    Found 10-bit comparator lessequal for signal <VGA_out_inter_int$cmp_le0000> created at line 112.
    Found 10-bit comparator lessequal for signal <VGA_out_inter_int$cmp_le0001> created at line 113.
    Summary:
	inferred   3 D-type flip-flop(s).
	inferred   2 Comparator(s).
Unit <vga_inter> synthesized.


Synthesizing Unit <arithmetic_process>.
    Related source file is "C:/Users/mambr/OneDrive/Documentos/GitHub/arq/P2c_Picoblaze_Helloworld_RAM_INT_FLIP/P2c_Proyecto_Helloworld_RAM_INT_FLIP/arithmatic.vhd".
    Found 1-bit register for signal <carry_out>.
    Found 1-bit xor2 for signal <modified_carry_out>.
    Summary:
	inferred   1 D-type flip-flop(s).
Unit <arithmetic_process> synthesized.


Synthesizing Unit <register_bank>.
    Related source file is "C:/Users/mambr/OneDrive/Documentos/GitHub/arq/P2c_Picoblaze_Helloworld_RAM_INT_FLIP/P2c_Proyecto_Helloworld_RAM_INT_FLIP/register_bank.vhd".
Unit <register_bank> synthesized.


Synthesizing Unit <stack_ram>.
    Related source file is "C:/Users/mambr/OneDrive/Documentos/GitHub/arq/P2c_Picoblaze_Helloworld_RAM_INT_FLIP/P2c_Proyecto_Helloworld_RAM_INT_FLIP/stack_ram.vhd".
    Found 8-bit register for signal <Dout>.
    Summary:
	inferred   8 D-type flip-flop(s).
Unit <stack_ram> synthesized.


Synthesizing Unit <picoblaze>.
    Related source file is "C:/Users/mambr/OneDrive/Documentos/GitHub/arq/P2c_Picoblaze_Helloworld_RAM_INT_FLIP/P2c_Proyecto_Helloworld_RAM_INT_FLIP/picoblaze.vhd".
Unit <picoblaze> synthesized.


Synthesizing Unit <toplevel>.
    Related source file is "C:/Users/mambr/OneDrive/Documentos/GitHub/arq/P2c_Picoblaze_Helloworld_RAM_INT_FLIP/P2c_Proyecto_Helloworld_RAM_INT_FLIP/toplevel_helloworld_RAM_Int.vhd".
WARNING:Xst:1780 - Signal <inport4> is never used or assigned. This unconnected signal will be trimmed during the optimization process.
WARNING:Xst:1780 - Signal <inport3> is never used or assigned. This unconnected signal will be trimmed during the optimization process.
WARNING:Xst:1780 - Signal <inport2> is never used or assigned. This unconnected signal will be trimmed during the optimization process.
WARNING:Xst:1780 - Signal <inport1> is never used or assigned. This unconnected signal will be trimmed during the optimization process.
    Found 64x8-bit single-port RAM <Mram_RAM> for signal <RAM>.
    Found 1-bit register for signal <tx>.
    Found 8-bit comparator less for signal <inport$cmp_lt0000> created at line 258.
    Found 8-bit register for signal <rxbuff_out>.
    Summary:
	inferred   1 RAM(s).
	inferred   9 D-type flip-flop(s).
	inferred   1 Comparator(s).
Unit <toplevel> synthesized.

INFO:Xst:1767 - HDL ADVISOR - Resource sharing has identified that some arithmetic operations in this design can share the same physical resources for reduced device utilization. For improved clock frequency you may try to disable resource sharing.

=========================================================================
HDL Synthesis Report

Macro Statistics
# RAMs                                                 : 1
 64x8-bit single-port RAM                              : 1
# ROMs                                                 : 1
 256x16-bit ROM                                        : 1
# Adders/Subtractors                                   : 2
 28-bit adder                                          : 1
 8-bit adder                                           : 1
# Counters                                             : 2
 10-bit up counter                                     : 2
# Registers                                            : 161
 1-bit register                                        : 151
 16-bit register                                       : 1
 28-bit register                                       : 1
 3-bit register                                        : 1
 8-bit register                                        : 7
# Latches                                              : 1
 8-bit latch                                           : 1
# Comparators                                          : 13
 10-bit comparator greatequal                          : 2
 10-bit comparator less                                : 4
 10-bit comparator lessequal                           : 4
 28-bit comparator greatequal                          : 1
 28-bit comparator less                                : 1
 8-bit comparator less                                 : 1
# Multiplexers                                         : 24
 1-bit 4-to-1 multiplexer                              : 8
 1-bit 8-to-1 multiplexer                              : 16
# Xors                                                 : 19
 1-bit xor2                                            : 18
 8-bit xor3                                            : 1

=========================================================================

=========================================================================
*                       Advanced HDL Synthesis                          *
=========================================================================

Analyzing FSM <FSM_0> for best encoding.
Optimizing FSM <mod_estados/current_state/FSM> on signal <current_state[1:3]> with gray encoding.
----------------------------
 State          | Encoding
----------------------------
 estado_bloqueo | 000
 estado_escucha | 001
 estado_error1  | 010
 estado_error2  | 110
 estado_bien    | 011
 estado_error3  | 111
----------------------------
WARNING:Xst:1710 - FF/Latch <VGA_out_inter_int_0> (without init value) has a constant value of 0 in block <modulo_vga>. This FF/Latch will be trimmed during the optimization process.

Synthesizing (advanced) Unit <pruebanuevo>.
INFO:Xst:3044 - The ROM <Mrom_dout_rom0000> will be implemented as a read-only BLOCK RAM, absorbing the register: <dout>.
INFO:Xst:3225 - The RAM <Mrom_dout_rom0000> will be implemented as BLOCK RAM
    -----------------------------------------------------------------------
    | ram_type           | Block                               |          |
    -----------------------------------------------------------------------
    | Port A                                                              |
    |     aspect ratio   | 256-word x 16-bit                   |          |
    |     mode           | write-first                         |          |
    |     clkA           | connected to signal <clk>           | rise     |
    |     weA            | connected to internal node          | high     |
    |     addrA          | connected to signal <address>       |          |
    |     diA            | connected to internal node          |          |
    |     doA            | connected to signal <dout>          |          |
    -----------------------------------------------------------------------
    | optimization       | speed                               |          |
    -----------------------------------------------------------------------
Unit <pruebanuevo> synthesized (advanced).

Synthesizing (advanced) Unit <toplevel>.
INFO:Xst:3218 - HDL ADVISOR - The RAM <Mram_RAM> will be implemented on LUTs either because you have described an asynchronous read or because of currently unsupported block RAM features. If you have described an asynchronous read, making it synchronous would allow you to take advantage of available block RAM resources, for optimized device usage and improved timings. Please refer to your documentation for coding guidelines.
    -----------------------------------------------------------------------
    | ram_type           | Distributed                         |          |
    -----------------------------------------------------------------------
    | Port A                                                              |
    |     aspect ratio   | 64-word x 8-bit                     |          |
    |     clkA           | connected to signal <clk>           | rise     |
    |     weA            | connected to signal <_and0000>      | high     |
    |     addrA          | connected to signal <port_id>       |          |
    |     diA            | connected to signal <out_port>      |          |
    |     doA            | connected to signal <RAM_out>       |          |
    -----------------------------------------------------------------------
Unit <toplevel> synthesized (advanced).

=========================================================================
Advanced HDL Synthesis Report

Macro Statistics
# FSMs                                                 : 1
# RAMs                                                 : 2
 256x16-bit single-port block RAM                      : 1
 64x8-bit single-port distributed RAM                  : 1
# Adders/Subtractors                                   : 2
 28-bit adder                                          : 1
 8-bit adder                                           : 1
# Counters                                             : 2
 10-bit up counter                                     : 2
# Registers                                            : 238
 Flip-Flops                                            : 238
# Latches                                              : 1
 8-bit latch                                           : 1
# Comparators                                          : 13
 10-bit comparator greatequal                          : 2
 10-bit comparator less                                : 4
 10-bit comparator lessequal                           : 4
 28-bit comparator greatequal                          : 1
 28-bit comparator less                                : 1
 8-bit comparator less                                 : 1
# Multiplexers                                         : 24
 1-bit 4-to-1 multiplexer                              : 8
 1-bit 8-to-1 multiplexer                              : 16
# Xors                                                 : 19
 1-bit xor2                                            : 18
 8-bit xor3                                            : 1

=========================================================================

=========================================================================
*                         Low Level Synthesis                           *
=========================================================================
WARNING:Xst:1710 - FF/Latch <VGA_out_inter_int_0> (without init value) has a constant value of 0 in block <vga_inter>. This FF/Latch will be trimmed during the optimization process.
INFO:Xst:2261 - The FF/Latch <rxbuff_out_0> in Unit <toplevel> is equivalent to the following 6 FFs/Latches, which will be removed : <rxbuff_out_1> <rxbuff_out_2> <rxbuff_out_3> <rxbuff_out_4> <rxbuff_out_5> <rxbuff_out_6> 
INFO:Xst:2261 - The FF/Latch <7> in Unit <LPM_LATCH_1> is equivalent to the following 7 FFs/Latches, which will be removed : <6> <5> <4> <3> <2> <1> <0> 

Optimizing unit <toplevel> ...

Optimizing unit <estados> ...

Optimizing unit <shift_rotate> ...

Optimizing unit <hasher> ...

Optimizing unit <logical_bus_processing> ...

Optimizing unit <register_and_flag_enable> ...

Optimizing unit <program_counter> ...

Optimizing unit <stack_counter> ...

Optimizing unit <addsub8> ...

Optimizing unit <ram_x1s> ...

Optimizing unit <vga> ...

Optimizing unit <modulo_xor> ...

Optimizing unit <vga_inter> ...

Optimizing unit <register_bank> ...

Optimizing unit <stack_ram> ...

Optimizing unit <picoblaze> ...

Mapping all equations...
Building and optimizing final netlist ...
Found area constraint ratio of 100 (+ 5) on block toplevel, actual ratio is 6.

Final Macro Processing ...

=========================================================================
Final Register Report

Macro Statistics
# Registers                                            : 254
 Flip-Flops                                            : 254

=========================================================================

=========================================================================
*                           Partition Report                            *
=========================================================================

Partition Implementation Status
-------------------------------

  No Partitions were found in this design.

-------------------------------

=========================================================================
*                            Final Report                               *
=========================================================================
Final Results
RTL Top Level Output File Name     : toplevel.ngr
Top Level Output File Name         : toplevel
Output Format                      : NGC
Optimization Goal                  : Speed
Keep Hierarchy                     : No

Design Statistics
# IOs                              : 44

Cell Usage :
# BELS                             : 660
#      GND                         : 1
#      INV                         : 7
#      LUT1                        : 30
#      LUT2                        : 36
#      LUT2_D                      : 2
#      LUT2_L                      : 6
#      LUT3                        : 181
#      LUT3_D                      : 10
#      LUT3_L                      : 8
#      LUT4                        : 160
#      LUT4_D                      : 21
#      LUT4_L                      : 14
#      MUXCY                       : 66
#      MUXF5                       : 54
#      MUXF6                       : 15
#      VCC                         : 1
#      XORCY                       : 48
# FlipFlops/Latches                : 255
#      FD                          : 43
#      FDC                         : 15
#      FDCE                        : 72
#      FDE                         : 99
#      FDPE                        : 3
#      FDR                         : 7
#      FDRE                        : 3
#      FDS                         : 4
#      FDSE                        : 8
#      LD                          : 1
# RAMS                             : 17
#      RAM32X1S                    : 16
#      RAMB16_S18                  : 1
# Clock Buffers                    : 1
#      BUFGP                       : 1
# IO Buffers                       : 43
#      IBUF                        : 2
#      OBUF                        : 41
=========================================================================

Device utilization summary:
---------------------------

Selected Device : 3s500efg320-4 

 Number of Slices:                      290  out of   4656     6%  
 Number of Slice Flip Flops:            255  out of   9312     2%  
 Number of 4 input LUTs:                507  out of   9312     5%  
    Number used as logic:               475
    Number used as RAMs:                 32
 Number of IOs:                          44
 Number of bonded IOBs:                  44  out of    232    18%  
 Number of BRAMs:                         1  out of     20     5%  
 Number of GCLKs:                         1  out of     24     4%  

---------------------------
Partition Resource Summary:
---------------------------

  No Partitions were found in this design.

---------------------------


=========================================================================
TIMING REPORT

NOTE: THESE TIMING NUMBERS ARE ONLY A SYNTHESIS ESTIMATE.
      FOR ACCURATE TIMING INFORMATION PLEASE REFER TO THE TRACE REPORT
      GENERATED AFTER PLACE-and-ROUTE.

Clock Information:
------------------
-----------------------------------+---------------------------+-------+
Clock Signal                       | Clock buffer(FF name)     | Load  |
-----------------------------------+---------------------------+-------+
clk                                | BUFGP                     | 271   |
processor/IO_strobes/read_strobe   | NONE(perixor/out_result_7)| 1     |
-----------------------------------+---------------------------+-------+
INFO:Xst:2169 - HDL ADVISOR - Some clock signals were not automatically buffered by XST with BUFG/BUFR resources. Please use the buffer_type constraint in order to insert these buffers to the clock signals to help prevent skew problems.

Asynchronous Control Signals Information:
----------------------------------------
----------------------------------------------------------------------------+--------------------------------------------+-------+
Control Signal                                                              | Buffer(FF name)                            | Load  |
----------------------------------------------------------------------------+--------------------------------------------+-------+
reset                                                                       | IBUF                                       | 88    |
processor/basic_control/reset_delay2(processor/basic_control/reset_delay2:Q)| NONE(processor/stack_control/count_value_0)| 2     |
----------------------------------------------------------------------------+--------------------------------------------+-------+

Timing Summary:
---------------
Speed Grade: -4

   Minimum period: 15.404ns (Maximum Frequency: 64.916MHz)
   Minimum input arrival time before clock: 2.807ns
   Maximum output required time after clock: 15.299ns
   Maximum combinational path delay: No path found

Timing Detail:
--------------
All values displayed in nanoseconds (ns)

=========================================================================
Timing constraint: Default period analysis for Clock 'clk'
  Clock period: 15.404ns (frequency: 64.916MHz)
  Total number of paths / destination ports: 53194 / 576
-------------------------------------------------------------------------
Delay:               15.404ns (Levels of Logic = 10)
  Source:            program/Mrom_dout_rom0000 (RAM)
  Destination:       processor/zero_logic/zero_flag (FF)
  Source Clock:      clk rising
  Destination Clock: clk rising

  Data Path: program/Mrom_dout_rom0000 to processor/zero_logic/zero_flag
                                Gate     Net
    Cell:in->out      fanout   Delay   Delay  Logical Name (Net Name)
    ----------------------------------------  ------------
     RAMB16_S18:CLK->DO5   37   2.800   1.299  program/Mrom_dout_rom0000 (instruction<5>)
     LUT3:I2->O            1   0.704   0.000  processor/data_registers/bus_width_loop[2].data_register_bit/Mmux_dpo_6 (processor/data_registers/bus_width_loop[2].data_register_bit/Mmux_dpo_6)
     MUXF5:I0->O           1   0.321   0.000  processor/data_registers/bus_width_loop[2].data_register_bit/Mmux_dpo_4_f5 (processor/data_registers/bus_width_loop[2].data_register_bit/Mmux_dpo_4_f5)
     MUXF6:I0->O           2   0.521   0.482  processor/data_registers/bus_width_loop[2].data_register_bit/Mmux_dpo_2_f6 (processor/sY_register<2>)
     LUT3:I2->O           82   0.704   1.278  processor/second_operand<2>1 (port_id_2_OBUF)
     RAM32X1S:A2->O        1   1.025   0.499  Mram_RAM7 (N16)
     LUT3:I1->O            1   0.704   0.455  inport<3>26 (inport<3>26)
     LUT4:I2->O            3   0.704   0.566  inport<3>34 (in_port_3_OBUF)
     LUT4:I2->O            1   0.704   0.499  processor/zero_logic/next_zero_flag33_SW0 (N68)
     LUT4:I1->O            1   0.704   0.424  processor/zero_logic/next_zero_flag33 (processor/zero_logic/next_zero_flag33)
     LUT4:I3->O            1   0.704   0.000  processor/zero_logic/next_zero_flag49 (processor/zero_logic/next_zero_flag)
     FDRE:D                    0.308          processor/zero_logic/zero_flag
    ----------------------------------------
    Total                     15.404ns (9.903ns logic, 5.502ns route)
                                       (64.3% logic, 35.7% route)

=========================================================================
Timing constraint: Default OFFSET IN BEFORE for Clock 'clk'
  Total number of paths / destination ports: 4 / 4
-------------------------------------------------------------------------
Offset:              2.807ns (Levels of Logic = 1)
  Source:            reset (PAD)
  Destination:       processor/basic_control/reset_delay1 (FF)
  Destination Clock: clk rising

  Data Path: reset to processor/basic_control/reset_delay1
                                Gate     Net
    Cell:in->out      fanout   Delay   Delay  Logical Name (Net Name)
    ----------------------------------------  ------------
     IBUF:I->O            90   1.218   1.281  reset_IBUF (reset_IBUF)
     FD:D                      0.308          processor/basic_control/reset_delay1
    ----------------------------------------
    Total                      2.807ns (1.526ns logic, 1.281ns route)
                                       (54.4% logic, 45.6% route)

=========================================================================
Timing constraint: Default OFFSET OUT AFTER for Clock 'clk'
  Total number of paths / destination ports: 3251 / 33
-------------------------------------------------------------------------
Offset:              15.299ns (Levels of Logic = 8)
  Source:            program/Mrom_dout_rom0000 (RAM)
  Destination:       in_port<7> (PAD)
  Source Clock:      clk rising

  Data Path: program/Mrom_dout_rom0000 to in_port<7>
                                Gate     Net
    Cell:in->out      fanout   Delay   Delay  Logical Name (Net Name)
    ----------------------------------------  ------------
     RAMB16_S18:CLK->DO5   37   2.800   1.299  program/Mrom_dout_rom0000 (instruction<5>)
     LUT3:I2->O            1   0.704   0.000  processor/data_registers/bus_width_loop[2].data_register_bit/Mmux_dpo_6 (processor/data_registers/bus_width_loop[2].data_register_bit/Mmux_dpo_6)
     MUXF5:I0->O           1   0.321   0.000  processor/data_registers/bus_width_loop[2].data_register_bit/Mmux_dpo_4_f5 (processor/data_registers/bus_width_loop[2].data_register_bit/Mmux_dpo_4_f5)
     MUXF6:I0->O           2   0.521   0.482  processor/data_registers/bus_width_loop[2].data_register_bit/Mmux_dpo_2_f6 (processor/sY_register<2>)
     LUT3:I2->O           82   0.704   1.278  processor/second_operand<2>1 (port_id_2_OBUF)
     RAM32X1S:A2->O        1   1.025   0.499  Mram_RAM7 (N16)
     LUT3:I1->O            1   0.704   0.455  inport<3>26 (inport<3>26)
     LUT4:I2->O            3   0.704   0.531  inport<3>34 (in_port_3_OBUF)
     OBUF:I->O                 3.272          in_port_3_OBUF (in_port<3>)
    ----------------------------------------
    Total                     15.298ns (10.755ns logic, 4.544ns route)
                                       (70.3% logic, 29.7% route)

=========================================================================
Timing constraint: Default OFFSET OUT AFTER for Clock 'processor/IO_strobes/read_strobe'
  Total number of paths / destination ports: 8 / 8
-------------------------------------------------------------------------
Offset:              9.475ns (Levels of Logic = 5)
  Source:            perixor/out_result_7 (LATCH)
  Destination:       in_port<0> (PAD)
  Source Clock:      processor/IO_strobes/read_strobe falling

  Data Path: perixor/out_result_7 to in_port<0>
                                Gate     Net
    Cell:in->out      fanout   Delay   Delay  Logical Name (Net Name)
    ----------------------------------------  ------------
     LD:G->Q               3   0.676   0.706  perixor/out_result_7 (perixor/out_result_7)
     LUT4:I0->O            1   0.704   0.595  inport<0>44 (inport<0>44)
     LUT4:I0->O            1   0.704   0.424  inport<0>53 (inport<0>53)
     LUT4:I3->O            3   0.704   0.566  inport<0>57 (inport<0>57)
     LUT4:I2->O            1   0.704   0.420  inport<0>87 (in_port_0_OBUF)
     OBUF:I->O                 3.272          in_port_0_OBUF (in_port<0>)
    ----------------------------------------
    Total                      9.475ns (6.764ns logic, 2.711ns route)
                                       (71.4% logic, 28.6% route)

=========================================================================


Total REAL time to Xst completion: 6.00 secs
Total CPU time to Xst completion: 6.36 secs
 
--> 

Total memory usage is 4548584 kilobytes

Number of errors   :    0 (   0 filtered)
Number of warnings :   11 (   0 filtered)
Number of infos    :   11 (   0 filtered)

