--------------------------------------------------------------------------------
Release 14.7 Trace  (nt64)
Copyright (c) 1995-2013 Xilinx, Inc.  All rights reserved.

C:\Xilinx\14.7\ISE_DS\ISE\bin\nt64\unwrapped\trce.exe -intstyle ise -v 3 -s 4
-n 3 -fastpaths -xml toplevel.twx toplevel.ncd -o toplevel.twr toplevel.pcf
-ucf PicoBlaze_s3estarter.ucf

Design file:              toplevel.ncd
Physical constraint file: toplevel.pcf
Device,package,speed:     xc3s500e,fg320,-4 (PRODUCTION 1.27 2013-10-13)
Report level:             verbose report

Environment Variable      Effect 
--------------------      ------ 
NONE                      No environment variables were set
--------------------------------------------------------------------------------

INFO:Timing:3412 - To improve timing, see the Timing Closure User Guide (UG612).
INFO:Timing:2752 - To get complete path coverage, use the unconstrained paths 
   option. All paths that are not constrained will be reported in the 
   unconstrained paths section(s) of the report.
INFO:Timing:3339 - The clock-to-out numbers in this timing report are based on 
   a 50 Ohm transmission line loading model.  For the details of this model, 
   and for more information on accounting for different loading conditions, 
   please see the device datasheet.
INFO:Timing:3390 - This architecture does not support a default System Jitter 
   value, please add SYSTEM_JITTER constraint to the UCF to modify the Clock 
   Uncertainty calculation.
INFO:Timing:3389 - This architecture does not support 'Discrete Jitter' and 
   'Phase Error' calculations, these terms will be zero in the Clock 
   Uncertainty calculation.  Please make appropriate modification to 
   SYSTEM_JITTER to account for the unsupported Discrete Jitter and Phase 
   Error.

================================================================================
Timing constraint: NET "clk_BUFGP/IBUFG" PERIOD = 20 ns HIGH 40%;
For more information, see Period Analysis in the Timing Closure User Guide (UG612).

 69898 paths analyzed, 1081 endpoints analyzed, 0 failing endpoints
 0 timing errors detected. (0 setup errors, 0 hold errors, 0 component switching limit errors)
 Minimum period is  18.050ns.
--------------------------------------------------------------------------------

Paths for end point processor/zero_logic/zero_flag (SLICE_X19Y44.F3), 2749 paths
--------------------------------------------------------------------------------
Slack (setup path):     1.950ns (requirement - (data path - clock path skew + uncertainty))
  Source:               program/Mrom_dout_rom0000.A (RAM)
  Destination:          processor/zero_logic/zero_flag (FF)
  Requirement:          20.000ns
  Data Path Delay:      18.019ns (Levels of Logic = 8)
  Clock Path Skew:      -0.031ns (0.069 - 0.100)
  Source Clock:         clk_BUFGP rising at 0.000ns
  Destination Clock:    clk_BUFGP rising at 20.000ns
  Clock Uncertainty:    0.000ns

  Maximum Data Path: program/Mrom_dout_rom0000.A to processor/zero_logic/zero_flag
    Location             Delay type         Delay(ns)  Physical Resource
                                                       Logical Resource(s)
    -------------------------------------------------  -------------------
    RAMB16_X0Y3.DOA5     Tbcko                 2.812   program/Mrom_dout_rom0000
                                                       program/Mrom_dout_rom0000.A
    SLICE_X23Y55.G1      net (fanout=36)       2.814   instruction<5>
    SLICE_X23Y55.F5      Tif5                  0.875   processor/data_registers/bus_width_loop[5].data_register_bit/Mmux_dpo_4_f5
                                                       processor/data_registers/bus_width_loop[5].data_register_bit/Mmux_dpo_6
                                                       processor/data_registers/bus_width_loop[5].data_register_bit/Mmux_dpo_4_f5
    SLICE_X23Y54.FXINB   net (fanout=1)        0.000   processor/data_registers/bus_width_loop[5].data_register_bit/Mmux_dpo_4_f5
    SLICE_X23Y54.Y       Tif6y                 0.521   processor/sY_register<5>
                                                       processor/data_registers/bus_width_loop[5].data_register_bit/Mmux_dpo_2_f6
    SLICE_X17Y50.G3      net (fanout=3)        1.224   processor/sY_register<5>
    SLICE_X17Y50.Y       Tilo                  0.704   processor/logical_group/Y<5>
                                                       processor/second_operand<5>1
    SLICE_X15Y42.G3      net (fanout=23)       1.512   port_id_5_OBUF
    SLICE_X15Y42.X       Tif5x                 1.025   inport<3>9
                                                       inport<6>9_F
                                                       inport<6>9
    SLICE_X15Y47.G1      net (fanout=5)        0.754   inport<3>9
    SLICE_X15Y47.Y       Tilo                  0.704   processor/data_registers/bus_width_loop[6].data_register_bit/rambit<0>
                                                       inport<5>21_SW0
    SLICE_X15Y54.F4      net (fanout=4)        0.699   N64
    SLICE_X15Y54.X       Tilo                  0.704   processor/data_registers/bus_width_loop[5].data_register_bit/rambit<0>
                                                       processor/ALU_result_5_or000037
    SLICE_X19Y44.G3      net (fanout=8)        2.107   processor/ALU_result<5>
    SLICE_X19Y44.Y       Tilo                  0.704   processor/zero_logic/zero_flag
                                                       processor/zero_logic/next_zero_flag18
    SLICE_X19Y44.F3      net (fanout=1)        0.023   processor/zero_logic/next_zero_flag18/O
    SLICE_X19Y44.CLK     Tfck                  0.837   processor/zero_logic/zero_flag
                                                       processor/zero_logic/next_zero_flag48
                                                       processor/zero_logic/zero_flag
    -------------------------------------------------  ---------------------------
    Total                                     18.019ns (8.886ns logic, 9.133ns route)
                                                       (49.3% logic, 50.7% route)

--------------------------------------------------------------------------------
Slack (setup path):     1.984ns (requirement - (data path - clock path skew + uncertainty))
  Source:               program/Mrom_dout_rom0000.A (RAM)
  Destination:          processor/zero_logic/zero_flag (FF)
  Requirement:          20.000ns
  Data Path Delay:      17.985ns (Levels of Logic = 8)
  Clock Path Skew:      -0.031ns (0.069 - 0.100)
  Source Clock:         clk_BUFGP rising at 0.000ns
  Destination Clock:    clk_BUFGP rising at 20.000ns
  Clock Uncertainty:    0.000ns

  Maximum Data Path: program/Mrom_dout_rom0000.A to processor/zero_logic/zero_flag
    Location             Delay type         Delay(ns)  Physical Resource
                                                       Logical Resource(s)
    -------------------------------------------------  -------------------
    RAMB16_X0Y3.DOA5     Tbcko                 2.812   program/Mrom_dout_rom0000
                                                       program/Mrom_dout_rom0000.A
    SLICE_X23Y55.G1      net (fanout=36)       2.814   instruction<5>
    SLICE_X23Y55.F5      Tif5                  0.875   processor/data_registers/bus_width_loop[5].data_register_bit/Mmux_dpo_4_f5
                                                       processor/data_registers/bus_width_loop[5].data_register_bit/Mmux_dpo_6
                                                       processor/data_registers/bus_width_loop[5].data_register_bit/Mmux_dpo_4_f5
    SLICE_X23Y54.FXINB   net (fanout=1)        0.000   processor/data_registers/bus_width_loop[5].data_register_bit/Mmux_dpo_4_f5
    SLICE_X23Y54.Y       Tif6y                 0.521   processor/sY_register<5>
                                                       processor/data_registers/bus_width_loop[5].data_register_bit/Mmux_dpo_2_f6
    SLICE_X17Y50.G3      net (fanout=3)        1.224   processor/sY_register<5>
    SLICE_X17Y50.Y       Tilo                  0.704   processor/logical_group/Y<5>
                                                       processor/second_operand<5>1
    SLICE_X15Y42.F3      net (fanout=23)       1.478   port_id_5_OBUF
    SLICE_X15Y42.X       Tif5x                 1.025   inport<3>9
                                                       inport<6>9_G
                                                       inport<6>9
    SLICE_X15Y47.G1      net (fanout=5)        0.754   inport<3>9
    SLICE_X15Y47.Y       Tilo                  0.704   processor/data_registers/bus_width_loop[6].data_register_bit/rambit<0>
                                                       inport<5>21_SW0
    SLICE_X15Y54.F4      net (fanout=4)        0.699   N64
    SLICE_X15Y54.X       Tilo                  0.704   processor/data_registers/bus_width_loop[5].data_register_bit/rambit<0>
                                                       processor/ALU_result_5_or000037
    SLICE_X19Y44.G3      net (fanout=8)        2.107   processor/ALU_result<5>
    SLICE_X19Y44.Y       Tilo                  0.704   processor/zero_logic/zero_flag
                                                       processor/zero_logic/next_zero_flag18
    SLICE_X19Y44.F3      net (fanout=1)        0.023   processor/zero_logic/next_zero_flag18/O
    SLICE_X19Y44.CLK     Tfck                  0.837   processor/zero_logic/zero_flag
                                                       processor/zero_logic/next_zero_flag48
                                                       processor/zero_logic/zero_flag
    -------------------------------------------------  ---------------------------
    Total                                     17.985ns (8.886ns logic, 9.099ns route)
                                                       (49.4% logic, 50.6% route)

--------------------------------------------------------------------------------
Slack (setup path):     2.005ns (requirement - (data path - clock path skew + uncertainty))
  Source:               program/Mrom_dout_rom0000.A (RAM)
  Destination:          processor/zero_logic/zero_flag (FF)
  Requirement:          20.000ns
  Data Path Delay:      17.964ns (Levels of Logic = 8)
  Clock Path Skew:      -0.031ns (0.069 - 0.100)
  Source Clock:         clk_BUFGP rising at 0.000ns
  Destination Clock:    clk_BUFGP rising at 20.000ns
  Clock Uncertainty:    0.000ns

  Maximum Data Path: program/Mrom_dout_rom0000.A to processor/zero_logic/zero_flag
    Location             Delay type         Delay(ns)  Physical Resource
                                                       Logical Resource(s)
    -------------------------------------------------  -------------------
    RAMB16_X0Y3.DOA5     Tbcko                 2.812   program/Mrom_dout_rom0000
                                                       program/Mrom_dout_rom0000.A
    SLICE_X23Y54.G3      net (fanout=36)       2.759   instruction<5>
    SLICE_X23Y54.F5      Tif5                  0.875   processor/sY_register<5>
                                                       processor/data_registers/bus_width_loop[5].data_register_bit/Mmux_dpo_5
                                                       processor/data_registers/bus_width_loop[5].data_register_bit/Mmux_dpo_3_f5
    SLICE_X23Y54.FXINA   net (fanout=1)        0.000   processor/data_registers/bus_width_loop[5].data_register_bit/Mmux_dpo_3_f5
    SLICE_X23Y54.Y       Tif6y                 0.521   processor/sY_register<5>
                                                       processor/data_registers/bus_width_loop[5].data_register_bit/Mmux_dpo_2_f6
    SLICE_X17Y50.G3      net (fanout=3)        1.224   processor/sY_register<5>
    SLICE_X17Y50.Y       Tilo                  0.704   processor/logical_group/Y<5>
                                                       processor/second_operand<5>1
    SLICE_X15Y42.G3      net (fanout=23)       1.512   port_id_5_OBUF
    SLICE_X15Y42.X       Tif5x                 1.025   inport<3>9
                                                       inport<6>9_F
                                                       inport<6>9
    SLICE_X15Y47.G1      net (fanout=5)        0.754   inport<3>9
    SLICE_X15Y47.Y       Tilo                  0.704   processor/data_registers/bus_width_loop[6].data_register_bit/rambit<0>
                                                       inport<5>21_SW0
    SLICE_X15Y54.F4      net (fanout=4)        0.699   N64
    SLICE_X15Y54.X       Tilo                  0.704   processor/data_registers/bus_width_loop[5].data_register_bit/rambit<0>
                                                       processor/ALU_result_5_or000037
    SLICE_X19Y44.G3      net (fanout=8)        2.107   processor/ALU_result<5>
    SLICE_X19Y44.Y       Tilo                  0.704   processor/zero_logic/zero_flag
                                                       processor/zero_logic/next_zero_flag18
    SLICE_X19Y44.F3      net (fanout=1)        0.023   processor/zero_logic/next_zero_flag18/O
    SLICE_X19Y44.CLK     Tfck                  0.837   processor/zero_logic/zero_flag
                                                       processor/zero_logic/next_zero_flag48
                                                       processor/zero_logic/zero_flag
    -------------------------------------------------  ---------------------------
    Total                                     17.964ns (8.886ns logic, 9.078ns route)
                                                       (49.5% logic, 50.5% route)

--------------------------------------------------------------------------------

Paths for end point processor/zero_logic/zero_flag (SLICE_X19Y44.F4), 2702 paths
--------------------------------------------------------------------------------
Slack (setup path):     2.785ns (requirement - (data path - clock path skew + uncertainty))
  Source:               program/Mrom_dout_rom0000.A (RAM)
  Destination:          processor/zero_logic/zero_flag (FF)
  Requirement:          20.000ns
  Data Path Delay:      17.184ns (Levels of Logic = 8)
  Clock Path Skew:      -0.031ns (0.069 - 0.100)
  Source Clock:         clk_BUFGP rising at 0.000ns
  Destination Clock:    clk_BUFGP rising at 20.000ns
  Clock Uncertainty:    0.000ns

  Maximum Data Path: program/Mrom_dout_rom0000.A to processor/zero_logic/zero_flag
    Location             Delay type         Delay(ns)  Physical Resource
                                                       Logical Resource(s)
    -------------------------------------------------  -------------------
    RAMB16_X0Y3.DOA5     Tbcko                 2.812   program/Mrom_dout_rom0000
                                                       program/Mrom_dout_rom0000.A
    SLICE_X23Y55.G1      net (fanout=36)       2.814   instruction<5>
    SLICE_X23Y55.F5      Tif5                  0.875   processor/data_registers/bus_width_loop[5].data_register_bit/Mmux_dpo_4_f5
                                                       processor/data_registers/bus_width_loop[5].data_register_bit/Mmux_dpo_6
                                                       processor/data_registers/bus_width_loop[5].data_register_bit/Mmux_dpo_4_f5
    SLICE_X23Y54.FXINB   net (fanout=1)        0.000   processor/data_registers/bus_width_loop[5].data_register_bit/Mmux_dpo_4_f5
    SLICE_X23Y54.Y       Tif6y                 0.521   processor/sY_register<5>
                                                       processor/data_registers/bus_width_loop[5].data_register_bit/Mmux_dpo_2_f6
    SLICE_X17Y50.G3      net (fanout=3)        1.224   processor/sY_register<5>
    SLICE_X17Y50.Y       Tilo                  0.704   processor/logical_group/Y<5>
                                                       processor/second_operand<5>1
    SLICE_X15Y42.G3      net (fanout=23)       1.512   port_id_5_OBUF
    SLICE_X15Y42.X       Tif5x                 1.025   inport<3>9
                                                       inport<6>9_F
                                                       inport<6>9
    SLICE_X15Y47.G1      net (fanout=5)        0.754   inport<3>9
    SLICE_X15Y47.Y       Tilo                  0.704   processor/data_registers/bus_width_loop[6].data_register_bit/rambit<0>
                                                       inport<5>21_SW0
    SLICE_X15Y56.F4      net (fanout=4)        0.695   N64
    SLICE_X15Y56.X       Tilo                  0.704   processor/data_registers/bus_width_loop[3].data_register_bit/rambit<0>
                                                       processor/ALU_result_3_or000037
    SLICE_X18Y48.F3      net (fanout=8)        0.971   processor/ALU_result<3>
    SLICE_X18Y48.X       Tilo                  0.759   processor/zero_logic/next_zero_flag33
                                                       processor/zero_logic/next_zero_flag33
    SLICE_X19Y44.F4      net (fanout=1)        0.273   processor/zero_logic/next_zero_flag33
    SLICE_X19Y44.CLK     Tfck                  0.837   processor/zero_logic/zero_flag
                                                       processor/zero_logic/next_zero_flag48
                                                       processor/zero_logic/zero_flag
    -------------------------------------------------  ---------------------------
    Total                                     17.184ns (8.941ns logic, 8.243ns route)
                                                       (52.0% logic, 48.0% route)

--------------------------------------------------------------------------------
Slack (setup path):     2.819ns (requirement - (data path - clock path skew + uncertainty))
  Source:               program/Mrom_dout_rom0000.A (RAM)
  Destination:          processor/zero_logic/zero_flag (FF)
  Requirement:          20.000ns
  Data Path Delay:      17.150ns (Levels of Logic = 8)
  Clock Path Skew:      -0.031ns (0.069 - 0.100)
  Source Clock:         clk_BUFGP rising at 0.000ns
  Destination Clock:    clk_BUFGP rising at 20.000ns
  Clock Uncertainty:    0.000ns

  Maximum Data Path: program/Mrom_dout_rom0000.A to processor/zero_logic/zero_flag
    Location             Delay type         Delay(ns)  Physical Resource
                                                       Logical Resource(s)
    -------------------------------------------------  -------------------
    RAMB16_X0Y3.DOA5     Tbcko                 2.812   program/Mrom_dout_rom0000
                                                       program/Mrom_dout_rom0000.A
    SLICE_X23Y55.G1      net (fanout=36)       2.814   instruction<5>
    SLICE_X23Y55.F5      Tif5                  0.875   processor/data_registers/bus_width_loop[5].data_register_bit/Mmux_dpo_4_f5
                                                       processor/data_registers/bus_width_loop[5].data_register_bit/Mmux_dpo_6
                                                       processor/data_registers/bus_width_loop[5].data_register_bit/Mmux_dpo_4_f5
    SLICE_X23Y54.FXINB   net (fanout=1)        0.000   processor/data_registers/bus_width_loop[5].data_register_bit/Mmux_dpo_4_f5
    SLICE_X23Y54.Y       Tif6y                 0.521   processor/sY_register<5>
                                                       processor/data_registers/bus_width_loop[5].data_register_bit/Mmux_dpo_2_f6
    SLICE_X17Y50.G3      net (fanout=3)        1.224   processor/sY_register<5>
    SLICE_X17Y50.Y       Tilo                  0.704   processor/logical_group/Y<5>
                                                       processor/second_operand<5>1
    SLICE_X15Y42.F3      net (fanout=23)       1.478   port_id_5_OBUF
    SLICE_X15Y42.X       Tif5x                 1.025   inport<3>9
                                                       inport<6>9_G
                                                       inport<6>9
    SLICE_X15Y47.G1      net (fanout=5)        0.754   inport<3>9
    SLICE_X15Y47.Y       Tilo                  0.704   processor/data_registers/bus_width_loop[6].data_register_bit/rambit<0>
                                                       inport<5>21_SW0
    SLICE_X15Y56.F4      net (fanout=4)        0.695   N64
    SLICE_X15Y56.X       Tilo                  0.704   processor/data_registers/bus_width_loop[3].data_register_bit/rambit<0>
                                                       processor/ALU_result_3_or000037
    SLICE_X18Y48.F3      net (fanout=8)        0.971   processor/ALU_result<3>
    SLICE_X18Y48.X       Tilo                  0.759   processor/zero_logic/next_zero_flag33
                                                       processor/zero_logic/next_zero_flag33
    SLICE_X19Y44.F4      net (fanout=1)        0.273   processor/zero_logic/next_zero_flag33
    SLICE_X19Y44.CLK     Tfck                  0.837   processor/zero_logic/zero_flag
                                                       processor/zero_logic/next_zero_flag48
                                                       processor/zero_logic/zero_flag
    -------------------------------------------------  ---------------------------
    Total                                     17.150ns (8.941ns logic, 8.209ns route)
                                                       (52.1% logic, 47.9% route)

--------------------------------------------------------------------------------
Slack (setup path):     2.840ns (requirement - (data path - clock path skew + uncertainty))
  Source:               program/Mrom_dout_rom0000.A (RAM)
  Destination:          processor/zero_logic/zero_flag (FF)
  Requirement:          20.000ns
  Data Path Delay:      17.129ns (Levels of Logic = 8)
  Clock Path Skew:      -0.031ns (0.069 - 0.100)
  Source Clock:         clk_BUFGP rising at 0.000ns
  Destination Clock:    clk_BUFGP rising at 20.000ns
  Clock Uncertainty:    0.000ns

  Maximum Data Path: program/Mrom_dout_rom0000.A to processor/zero_logic/zero_flag
    Location             Delay type         Delay(ns)  Physical Resource
                                                       Logical Resource(s)
    -------------------------------------------------  -------------------
    RAMB16_X0Y3.DOA5     Tbcko                 2.812   program/Mrom_dout_rom0000
                                                       program/Mrom_dout_rom0000.A
    SLICE_X23Y54.G3      net (fanout=36)       2.759   instruction<5>
    SLICE_X23Y54.F5      Tif5                  0.875   processor/sY_register<5>
                                                       processor/data_registers/bus_width_loop[5].data_register_bit/Mmux_dpo_5
                                                       processor/data_registers/bus_width_loop[5].data_register_bit/Mmux_dpo_3_f5
    SLICE_X23Y54.FXINA   net (fanout=1)        0.000   processor/data_registers/bus_width_loop[5].data_register_bit/Mmux_dpo_3_f5
    SLICE_X23Y54.Y       Tif6y                 0.521   processor/sY_register<5>
                                                       processor/data_registers/bus_width_loop[5].data_register_bit/Mmux_dpo_2_f6
    SLICE_X17Y50.G3      net (fanout=3)        1.224   processor/sY_register<5>
    SLICE_X17Y50.Y       Tilo                  0.704   processor/logical_group/Y<5>
                                                       processor/second_operand<5>1
    SLICE_X15Y42.G3      net (fanout=23)       1.512   port_id_5_OBUF
    SLICE_X15Y42.X       Tif5x                 1.025   inport<3>9
                                                       inport<6>9_F
                                                       inport<6>9
    SLICE_X15Y47.G1      net (fanout=5)        0.754   inport<3>9
    SLICE_X15Y47.Y       Tilo                  0.704   processor/data_registers/bus_width_loop[6].data_register_bit/rambit<0>
                                                       inport<5>21_SW0
    SLICE_X15Y56.F4      net (fanout=4)        0.695   N64
    SLICE_X15Y56.X       Tilo                  0.704   processor/data_registers/bus_width_loop[3].data_register_bit/rambit<0>
                                                       processor/ALU_result_3_or000037
    SLICE_X18Y48.F3      net (fanout=8)        0.971   processor/ALU_result<3>
    SLICE_X18Y48.X       Tilo                  0.759   processor/zero_logic/next_zero_flag33
                                                       processor/zero_logic/next_zero_flag33
    SLICE_X19Y44.F4      net (fanout=1)        0.273   processor/zero_logic/next_zero_flag33
    SLICE_X19Y44.CLK     Tfck                  0.837   processor/zero_logic/zero_flag
                                                       processor/zero_logic/next_zero_flag48
                                                       processor/zero_logic/zero_flag
    -------------------------------------------------  ---------------------------
    Total                                     17.129ns (8.941ns logic, 8.188ns route)
                                                       (52.2% logic, 47.8% route)

--------------------------------------------------------------------------------

Paths for end point perixor/char_3_7 (SLICE_X39Y41.CE), 136 paths
--------------------------------------------------------------------------------
Slack (setup path):     3.452ns (requirement - (data path - clock path skew + uncertainty))
  Source:               program/Mrom_dout_rom0000.A (RAM)
  Destination:          perixor/char_3_7 (FF)
  Requirement:          20.000ns
  Data Path Delay:      16.543ns (Levels of Logic = 5)
  Clock Path Skew:      -0.005ns (0.118 - 0.123)
  Source Clock:         clk_BUFGP rising at 0.000ns
  Destination Clock:    clk_BUFGP rising at 20.000ns
  Clock Uncertainty:    0.000ns

  Maximum Data Path: program/Mrom_dout_rom0000.A to perixor/char_3_7
    Location             Delay type         Delay(ns)  Physical Resource
                                                       Logical Resource(s)
    -------------------------------------------------  -------------------
    RAMB16_X0Y3.DOA5     Tbcko                 2.812   program/Mrom_dout_rom0000
                                                       program/Mrom_dout_rom0000.A
    SLICE_X25Y57.G3      net (fanout=36)       3.337   instruction<5>
    SLICE_X25Y57.F5      Tif5                  0.875   processor/data_registers/bus_width_loop[6].data_register_bit/Mmux_dpo_4_f5
                                                       processor/data_registers/bus_width_loop[6].data_register_bit/Mmux_dpo_6
                                                       processor/data_registers/bus_width_loop[6].data_register_bit/Mmux_dpo_4_f5
    SLICE_X25Y56.FXINB   net (fanout=1)        0.000   processor/data_registers/bus_width_loop[6].data_register_bit/Mmux_dpo_4_f5
    SLICE_X25Y56.Y       Tif6y                 0.521   processor/sY_register<6>
                                                       processor/data_registers/bus_width_loop[6].data_register_bit/Mmux_dpo_2_f6
    SLICE_X15Y50.G4      net (fanout=1)        0.995   processor/sY_register<6>
    SLICE_X15Y50.Y       Tilo                  0.704   N121
                                                       processor/second_operand<6>1
    SLICE_X35Y40.G1      net (fanout=14)       2.800   port_id_6_OBUF
    SLICE_X35Y40.Y       Tilo                  0.704   perixor/char_4_not0001
                                                       perixor/char_1_not00011
    SLICE_X41Y36.G1      net (fanout=4)        0.847   perixor/N01
    SLICE_X41Y36.Y       Tilo                  0.704   perixor/char_3_not0001
                                                       perixor/char_3_not00011
    SLICE_X39Y41.CE      net (fanout=4)        1.689   perixor/char_3_not0001
    SLICE_X39Y41.CLK     Tceck                 0.555   perixor/char_3<7>
                                                       perixor/char_3_7
    -------------------------------------------------  ---------------------------
    Total                                     16.543ns (6.875ns logic, 9.668ns route)
                                                       (41.6% logic, 58.4% route)

--------------------------------------------------------------------------------
Slack (setup path):     3.452ns (requirement - (data path - clock path skew + uncertainty))
  Source:               program/Mrom_dout_rom0000.A (RAM)
  Destination:          perixor/char_3_7 (FF)
  Requirement:          20.000ns
  Data Path Delay:      16.543ns (Levels of Logic = 5)
  Clock Path Skew:      -0.005ns (0.118 - 0.123)
  Source Clock:         clk_BUFGP rising at 0.000ns
  Destination Clock:    clk_BUFGP rising at 20.000ns
  Clock Uncertainty:    0.000ns

  Maximum Data Path: program/Mrom_dout_rom0000.A to perixor/char_3_7
    Location             Delay type         Delay(ns)  Physical Resource
                                                       Logical Resource(s)
    -------------------------------------------------  -------------------
    RAMB16_X0Y3.DOA5     Tbcko                 2.812   program/Mrom_dout_rom0000
                                                       program/Mrom_dout_rom0000.A
    SLICE_X25Y56.G3      net (fanout=36)       3.337   instruction<5>
    SLICE_X25Y56.F5      Tif5                  0.875   processor/sY_register<6>
                                                       processor/data_registers/bus_width_loop[6].data_register_bit/Mmux_dpo_5
                                                       processor/data_registers/bus_width_loop[6].data_register_bit/Mmux_dpo_3_f5
    SLICE_X25Y56.FXINA   net (fanout=1)        0.000   processor/data_registers/bus_width_loop[6].data_register_bit/Mmux_dpo_3_f5
    SLICE_X25Y56.Y       Tif6y                 0.521   processor/sY_register<6>
                                                       processor/data_registers/bus_width_loop[6].data_register_bit/Mmux_dpo_2_f6
    SLICE_X15Y50.G4      net (fanout=1)        0.995   processor/sY_register<6>
    SLICE_X15Y50.Y       Tilo                  0.704   N121
                                                       processor/second_operand<6>1
    SLICE_X35Y40.G1      net (fanout=14)       2.800   port_id_6_OBUF
    SLICE_X35Y40.Y       Tilo                  0.704   perixor/char_4_not0001
                                                       perixor/char_1_not00011
    SLICE_X41Y36.G1      net (fanout=4)        0.847   perixor/N01
    SLICE_X41Y36.Y       Tilo                  0.704   perixor/char_3_not0001
                                                       perixor/char_3_not00011
    SLICE_X39Y41.CE      net (fanout=4)        1.689   perixor/char_3_not0001
    SLICE_X39Y41.CLK     Tceck                 0.555   perixor/char_3<7>
                                                       perixor/char_3_7
    -------------------------------------------------  ---------------------------
    Total                                     16.543ns (6.875ns logic, 9.668ns route)
                                                       (41.6% logic, 58.4% route)

--------------------------------------------------------------------------------
Slack (setup path):     3.486ns (requirement - (data path - clock path skew + uncertainty))
  Source:               program/Mrom_dout_rom0000.A (RAM)
  Destination:          perixor/char_3_7 (FF)
  Requirement:          20.000ns
  Data Path Delay:      16.509ns (Levels of Logic = 5)
  Clock Path Skew:      -0.005ns (0.118 - 0.123)
  Source Clock:         clk_BUFGP rising at 0.000ns
  Destination Clock:    clk_BUFGP rising at 20.000ns
  Clock Uncertainty:    0.000ns

  Maximum Data Path: program/Mrom_dout_rom0000.A to perixor/char_3_7
    Location             Delay type         Delay(ns)  Physical Resource
                                                       Logical Resource(s)
    -------------------------------------------------  -------------------
    RAMB16_X0Y3.DOA5     Tbcko                 2.812   program/Mrom_dout_rom0000
                                                       program/Mrom_dout_rom0000.A
    SLICE_X25Y56.F3      net (fanout=36)       3.303   instruction<5>
    SLICE_X25Y56.F5      Tif5                  0.875   processor/sY_register<6>
                                                       processor/data_registers/bus_width_loop[6].data_register_bit/Mmux_dpo_4
                                                       processor/data_registers/bus_width_loop[6].data_register_bit/Mmux_dpo_3_f5
    SLICE_X25Y56.FXINA   net (fanout=1)        0.000   processor/data_registers/bus_width_loop[6].data_register_bit/Mmux_dpo_3_f5
    SLICE_X25Y56.Y       Tif6y                 0.521   processor/sY_register<6>
                                                       processor/data_registers/bus_width_loop[6].data_register_bit/Mmux_dpo_2_f6
    SLICE_X15Y50.G4      net (fanout=1)        0.995   processor/sY_register<6>
    SLICE_X15Y50.Y       Tilo                  0.704   N121
                                                       processor/second_operand<6>1
    SLICE_X35Y40.G1      net (fanout=14)       2.800   port_id_6_OBUF
    SLICE_X35Y40.Y       Tilo                  0.704   perixor/char_4_not0001
                                                       perixor/char_1_not00011
    SLICE_X41Y36.G1      net (fanout=4)        0.847   perixor/N01
    SLICE_X41Y36.Y       Tilo                  0.704   perixor/char_3_not0001
                                                       perixor/char_3_not00011
    SLICE_X39Y41.CE      net (fanout=4)        1.689   perixor/char_3_not0001
    SLICE_X39Y41.CLK     Tceck                 0.555   perixor/char_3<7>
                                                       perixor/char_3_7
    -------------------------------------------------  ---------------------------
    Total                                     16.509ns (6.875ns logic, 9.634ns route)
                                                       (41.6% logic, 58.4% route)

--------------------------------------------------------------------------------

Hold Paths: NET "clk_BUFGP/IBUFG" PERIOD = 20 ns HIGH 40%;
--------------------------------------------------------------------------------

Paths for end point processor/interrupt_control/shaddow_zero (SLICE_X18Y45.BY), 1 path
--------------------------------------------------------------------------------
Slack (hold path):      1.053ns (requirement - (clock path skew + uncertainty - data path))
  Source:               processor/zero_logic/zero_flag (FF)
  Destination:          processor/interrupt_control/shaddow_zero (FF)
  Requirement:          0.000ns
  Data Path Delay:      1.053ns (Levels of Logic = 0)
  Clock Path Skew:      0.000ns
  Source Clock:         clk_BUFGP rising at 20.000ns
  Destination Clock:    clk_BUFGP rising at 20.000ns
  Clock Uncertainty:    0.000ns

  Minimum Data Path: processor/zero_logic/zero_flag to processor/interrupt_control/shaddow_zero
    Location             Delay type         Delay(ns)  Physical Resource
                                                       Logical Resource(s)
    -------------------------------------------------  -------------------
    SLICE_X19Y44.XQ      Tcko                  0.473   processor/zero_logic/zero_flag
                                                       processor/zero_logic/zero_flag
    SLICE_X18Y45.BY      net (fanout=2)        0.428   processor/zero_logic/zero_flag
    SLICE_X18Y45.CLK     Tckdi       (-Th)    -0.152   processor/interrupt_control/shaddow_zero
                                                       processor/interrupt_control/shaddow_zero
    -------------------------------------------------  ---------------------------
    Total                                      1.053ns (0.625ns logic, 0.428ns route)
                                                       (59.4% logic, 40.6% route)

--------------------------------------------------------------------------------

Paths for end point processor/stack_memory/bus_width_loop[5].stack_ram_bit/rambit_2 (SLICE_X14Y0.BY), 1 path
--------------------------------------------------------------------------------
Slack (hold path):      1.087ns (requirement - (clock path skew + uncertainty - data path))
  Source:               processor/prog_count/count_value_5 (FF)
  Destination:          processor/stack_memory/bus_width_loop[5].stack_ram_bit/rambit_2 (FF)
  Requirement:          0.000ns
  Data Path Delay:      1.094ns (Levels of Logic = 0)
  Clock Path Skew:      0.007ns (0.032 - 0.025)
  Source Clock:         clk_BUFGP rising at 20.000ns
  Destination Clock:    clk_BUFGP rising at 20.000ns
  Clock Uncertainty:    0.000ns

  Minimum Data Path: processor/prog_count/count_value_5 to processor/stack_memory/bus_width_loop[5].stack_ram_bit/rambit_2
    Location             Delay type         Delay(ns)  Physical Resource
                                                       Logical Resource(s)
    -------------------------------------------------  -------------------
    SLICE_X16Y0.XQ       Tcko                  0.474   processor/prog_count/count_value<5>
                                                       processor/prog_count/count_value_5
    SLICE_X14Y0.BY       net (fanout=6)        0.468   processor/prog_count/count_value<5>
    SLICE_X14Y0.CLK      Tckdi       (-Th)    -0.152   processor/stack_memory/bus_width_loop[5].stack_ram_bit/rambit<2>
                                                       processor/stack_memory/bus_width_loop[5].stack_ram_bit/rambit_2
    -------------------------------------------------  ---------------------------
    Total                                      1.094ns (0.626ns logic, 0.468ns route)
                                                       (57.2% logic, 42.8% route)

--------------------------------------------------------------------------------

Paths for end point processor/stack_memory/bus_width_loop[4].stack_ram_bit/rambit_2 (SLICE_X16Y10.BY), 1 path
--------------------------------------------------------------------------------
Slack (hold path):      1.097ns (requirement - (clock path skew + uncertainty - data path))
  Source:               processor/prog_count/count_value_4 (FF)
  Destination:          processor/stack_memory/bus_width_loop[4].stack_ram_bit/rambit_2 (FF)
  Requirement:          0.000ns
  Data Path Delay:      1.100ns (Levels of Logic = 0)
  Clock Path Skew:      0.003ns (0.005 - 0.002)
  Source Clock:         clk_BUFGP rising at 20.000ns
  Destination Clock:    clk_BUFGP rising at 20.000ns
  Clock Uncertainty:    0.000ns

  Minimum Data Path: processor/prog_count/count_value_4 to processor/stack_memory/bus_width_loop[4].stack_ram_bit/rambit_2
    Location             Delay type         Delay(ns)  Physical Resource
                                                       Logical Resource(s)
    -------------------------------------------------  -------------------
    SLICE_X17Y12.XQ      Tcko                  0.473   processor/prog_count/count_value<4>
                                                       processor/prog_count/count_value_4
    SLICE_X16Y10.BY      net (fanout=7)        0.475   processor/prog_count/count_value<4>
    SLICE_X16Y10.CLK     Tckdi       (-Th)    -0.152   processor/stack_memory/bus_width_loop[4].stack_ram_bit/rambit<2>
                                                       processor/stack_memory/bus_width_loop[4].stack_ram_bit/rambit_2
    -------------------------------------------------  ---------------------------
    Total                                      1.100ns (0.625ns logic, 0.475ns route)
                                                       (56.8% logic, 43.2% route)

--------------------------------------------------------------------------------

Component Switching Limit Checks: NET "clk_BUFGP/IBUFG" PERIOD = 20 ns HIGH 40%;
--------------------------------------------------------------------------------
Slack: 16.030ns (period - (min high pulse limit / (high pulse / period)))
  Period: 20.000ns
  High pulse: 8.000ns
  High pulse limit: 1.588ns (Tbpwh)
  Physical resource: program/Mrom_dout_rom0000/CLKA
  Logical resource: program/Mrom_dout_rom0000.A/CLKA
  Location pin: RAMB16_X0Y3.CLKA
  Clock network: clk_BUFGP
--------------------------------------------------------------------------------
Slack: 16.824ns (period - min period limit)
  Period: 20.000ns
  Min period limit: 3.176ns (314.861MHz) (Tbp)
  Physical resource: program/Mrom_dout_rom0000/CLKA
  Logical resource: program/Mrom_dout_rom0000.A/CLKA
  Location pin: RAMB16_X0Y3.CLKA
  Clock network: clk_BUFGP
--------------------------------------------------------------------------------
Slack: 17.353ns (period - (min low pulse limit / (low pulse / period)))
  Period: 20.000ns
  Low pulse: 12.000ns
  Low pulse limit: 1.588ns (Tbpwl)
  Physical resource: program/Mrom_dout_rom0000/CLKA
  Logical resource: program/Mrom_dout_rom0000.A/CLKA
  Location pin: RAMB16_X0Y3.CLKA
  Clock network: clk_BUFGP
--------------------------------------------------------------------------------


All constraints were met.


Data Sheet report:
-----------------
All values displayed in nanoseconds (ns)

Clock to Setup on destination clock clk
---------------+---------+---------+---------+---------+
               | Src:Rise| Src:Fall| Src:Rise| Src:Fall|
Source Clock   |Dest:Rise|Dest:Rise|Dest:Fall|Dest:Fall|
---------------+---------+---------+---------+---------+
clk            |   18.050|         |         |         |
---------------+---------+---------+---------+---------+


Timing summary:
---------------

Timing errors: 0  Score: 0  (Setup/Max: 0, Hold: 0)

Constraints cover 69898 paths, 0 nets, and 2348 connections

Design statistics:
   Minimum period:  18.050ns{1}   (Maximum frequency:  55.402MHz)


------------------------------------Footnotes-----------------------------------
1)  The minimum period statistic assumes all single cycle delays.

Analysis completed Thu Jan 22 19:01:09 2026 
--------------------------------------------------------------------------------

Trace Settings:
-------------------------
Trace Settings 

Peak Memory Usage: 4528 MB



