EN register_bank NULL /home/ise/Desktop/P2c_Picoblaze_ahorcado/P2c_Picoblaze_ahorcado/P2c_Proyecto_Helloworld_RAM_INT_FLIP/register_bank.vhd sub00/vhpl22 1746739834
AR flip low_level_definition /home/ise/Desktop/P2c_Picoblaze_ahorcado/P2c_Picoblaze_ahorcado/P2c_Proyecto_Helloworld_RAM_INT_FLIP/flip.vhd sub00/vhpl09 1746739819
AR stack_ram low_level_definition /home/ise/Desktop/P2c_Picoblaze_ahorcado/P2c_Picoblaze_ahorcado/P2c_Proyecto_Helloworld_RAM_INT_FLIP/stack_ram.vhd sub00/vhpl27 1746739839
AR register_bank behavioral /home/ise/Desktop/P2c_Picoblaze_ahorcado/P2c_Picoblaze_ahorcado/P2c_Proyecto_Helloworld_RAM_INT_FLIP/register_bank.vhd sub00/vhpl23 1746739835
EN logical_bus_processing NULL /home/ise/Desktop/P2c_Picoblaze_ahorcado/P2c_Picoblaze_ahorcado/P2c_Proyecto_Helloworld_RAM_INT_FLIP/logical_bus_processing.vhd sub00/vhpl10 1746739822
EN shift_rotate NULL /home/ise/Desktop/P2c_Picoblaze_ahorcado/P2c_Picoblaze_ahorcado/P2c_Proyecto_Helloworld_RAM_INT_FLIP/shift_rotate.vhd sub00/vhpl06 1746739816
AR programa_helloworld_int_flip v1 C:/Xilinx/Practicas_4AHC/Practica2_Picoblaze/P2c_Picoblaze_Helloworld_RAM_INT_FLIP/P2c_Proyecto_Helloworld_RAM_INT_FLIP/programa_helloworld_int_FLIP.vhd sub00/vhpl39 1604599292
AR picoblaze behavioral /home/ise/Desktop/P2c_Picoblaze_ahorcado/P2c_Picoblaze_ahorcado/P2c_Proyecto_Helloworld_RAM_INT_FLIP/picoblaze.vhd sub00/vhpl37 1746739849
AR addsub8 low_level_definition /home/ise/Desktop/P2c_Picoblaze_ahorcado/P2c_Picoblaze_ahorcado/P2c_Proyecto_Helloworld_RAM_INT_FLIP/arithmatic.vhd sub00/vhpl05 1746739815
AR arithmetic_process low_level_definition /home/ise/Desktop/P2c_Picoblaze_ahorcado/P2c_Picoblaze_ahorcado/P2c_Proyecto_Helloworld_RAM_INT_FLIP/arithmatic.vhd sub00/vhpl03 1746739813
AR carry_flag_logic low_level_definition /home/ise/Desktop/P2c_Picoblaze_ahorcado/P2c_Picoblaze_ahorcado/P2c_Proyecto_Helloworld_RAM_INT_FLIP/carry_flag_logic.vhd sub00/vhpl17 1746739829
EN peri_ahorcado NULL C:/Users/DETCP/Desktop/duro/P2c_Proyecto_Helloworld_RAM_INT_FLIP/peri_ahorcado.vhd sub00/vhpl44 1749147042
EN program_counter NULL /home/ise/Desktop/P2c_Picoblaze_ahorcado/P2c_Picoblaze_ahorcado/P2c_Proyecto_Helloworld_RAM_INT_FLIP/program_counter.vhd sub00/vhpl20 1746739832
EN stack_counter NULL /home/ise/Desktop/P2c_Picoblaze_ahorcado/P2c_Picoblaze_ahorcado/P2c_Proyecto_Helloworld_RAM_INT_FLIP/stack_counter.vhd sub00/vhpl30 1746739842
AR register_and_flag_enable low_level_definition /home/ise/Desktop/P2c_Picoblaze_ahorcado/P2c_Picoblaze_ahorcado/P2c_Proyecto_Helloworld_RAM_INT_FLIP/register_and_flag_enable.vhd sub00/vhpl15 1746739827
EN flip NULL /home/ise/Desktop/P2c_Picoblaze_ahorcado/P2c_Picoblaze_ahorcado/P2c_Proyecto_Helloworld_RAM_INT_FLIP/flip.vhd sub00/vhpl08 1746739818
AR io_strobe_logic low_level_definition /home/ise/Desktop/P2c_Picoblaze_ahorcado/P2c_Picoblaze_ahorcado/P2c_Proyecto_Helloworld_RAM_INT_FLIP/IO_strobe_logic.vhd sub00/vhpl01 1746739811
EN register_and_flag_enable NULL /home/ise/Desktop/P2c_Picoblaze_ahorcado/P2c_Picoblaze_ahorcado/P2c_Proyecto_Helloworld_RAM_INT_FLIP/register_and_flag_enable.vhd sub00/vhpl14 1746739826
EN toplevel NULL /home/ise/Desktop/P2c_Picoblaze_Helloworld_RAM_INT_FLIP/P2c_Picoblaze_Helloworld_RAM_INT_FLIP/P2c_Proyecto_Helloworld_RAM_INT_FLIP/toplevel_helloworld_RAM_Int.vhd sub00/vhpl40 1746724410
EN addsub8 NULL /home/ise/Desktop/P2c_Picoblaze_ahorcado/P2c_Picoblaze_ahorcado/P2c_Proyecto_Helloworld_RAM_INT_FLIP/arithmatic.vhd sub00/vhpl04 1746739814
AR ram_x1s behavioral /home/ise/Desktop/P2c_Picoblaze_ahorcado/P2c_Picoblaze_ahorcado/P2c_Proyecto_Helloworld_RAM_INT_FLIP/stack_ram.vhd sub00/vhpl29 1746739841
AR swap low_level_definition C:/Users/DETCP/Desktop/proyectos_adh/ahorcado_working/P2c_Proyecto_Helloworld_RAM_INT_FLIP/swap.vhd sub00/vhpl43 1749578775
EN carry_flag_logic NULL /home/ise/Desktop/P2c_Picoblaze_ahorcado/P2c_Picoblaze_ahorcado/P2c_Proyecto_Helloworld_RAM_INT_FLIP/carry_flag_logic.vhd sub00/vhpl16 1746739828
EN interrupt_logic NULL /home/ise/Desktop/P2c_Picoblaze_ahorcado/P2c_Picoblaze_ahorcado/P2c_Proyecto_Helloworld_RAM_INT_FLIP/interrupt_logic.vhd sub00/vhpl34 1746739846
AR shift_rotate low_level_definition /home/ise/Desktop/P2c_Picoblaze_ahorcado/P2c_Picoblaze_ahorcado/P2c_Proyecto_Helloworld_RAM_INT_FLIP/shift_rotate.vhd sub00/vhpl07 1746739817
AR program_counter low_level_definition /home/ise/Desktop/P2c_Picoblaze_ahorcado/P2c_Picoblaze_ahorcado/P2c_Proyecto_Helloworld_RAM_INT_FLIP/program_counter.vhd sub00/vhpl21 1746739833
AR logical_bus_processing low_level_definition /home/ise/Desktop/P2c_Picoblaze_ahorcado/P2c_Picoblaze_ahorcado/P2c_Proyecto_Helloworld_RAM_INT_FLIP/logical_bus_processing.vhd sub00/vhpl11 1746739823
EN programa_helloworld_int_flip NULL C:/Xilinx/Practicas_4AHC/Practica2_Picoblaze/P2c_Picoblaze_Helloworld_RAM_INT_FLIP/P2c_Proyecto_Helloworld_RAM_INT_FLIP/programa_helloworld_int_FLIP.vhd sub00/vhpl38 1604599291
EN stack_ram NULL /home/ise/Desktop/P2c_Picoblaze_ahorcado/P2c_Picoblaze_ahorcado/P2c_Proyecto_Helloworld_RAM_INT_FLIP/stack_ram.vhd sub00/vhpl26 1746739838
AR t_state_and_reset low_level_definition /home/ise/Desktop/P2c_Picoblaze_ahorcado/P2c_Picoblaze_ahorcado/P2c_Proyecto_Helloworld_RAM_INT_FLIP/T_state_and_Reset.vhd sub00/vhpl13 1746739825
AR ram_nx1 behavioral /home/ise/Desktop/P2c_Picoblaze_ahorcado/P2c_Picoblaze_ahorcado/P2c_Proyecto_Helloworld_RAM_INT_FLIP/register_bank.vhd sub00/vhpl25 1746739837
EN io_strobe_logic NULL /home/ise/Desktop/P2c_Picoblaze_ahorcado/P2c_Picoblaze_ahorcado/P2c_Proyecto_Helloworld_RAM_INT_FLIP/IO_strobe_logic.vhd sub00/vhpl00 1746739810
AR toplevel behavioral /home/ise/Desktop/P2c_Picoblaze_Helloworld_RAM_INT_FLIP/P2c_Picoblaze_Helloworld_RAM_INT_FLIP/P2c_Proyecto_Helloworld_RAM_INT_FLIP/toplevel_helloworld_RAM_Int.vhd sub00/vhpl41 1746724411
EN arithmetic_process NULL /home/ise/Desktop/P2c_Picoblaze_ahorcado/P2c_Picoblaze_ahorcado/P2c_Proyecto_Helloworld_RAM_INT_FLIP/arithmatic.vhd sub00/vhpl02 1746739812
AR interrupt_logic low_level_definition /home/ise/Desktop/P2c_Picoblaze_ahorcado/P2c_Picoblaze_ahorcado/P2c_Proyecto_Helloworld_RAM_INT_FLIP/interrupt_logic.vhd sub00/vhpl35 1746739847
AR interrupt_capture low_level_definition /home/ise/Desktop/P2c_Picoblaze_ahorcado/P2c_Picoblaze_ahorcado/P2c_Proyecto_Helloworld_RAM_INT_FLIP/interrupt_capture.vhd sub00/vhpl33 1746739845
EN ram_x1s NULL /home/ise/Desktop/P2c_Picoblaze_ahorcado/P2c_Picoblaze_ahorcado/P2c_Proyecto_Helloworld_RAM_INT_FLIP/stack_ram.vhd sub00/vhpl28 1746739840
AR peri_ahorcado behavioral C:/Users/DETCP/Desktop/duro/P2c_Proyecto_Helloworld_RAM_INT_FLIP/peri_ahorcado.vhd sub00/vhpl45 1749147043
EN t_state_and_reset NULL /home/ise/Desktop/P2c_Picoblaze_ahorcado/P2c_Picoblaze_ahorcado/P2c_Proyecto_Helloworld_RAM_INT_FLIP/T_state_and_Reset.vhd sub00/vhpl12 1746739824
EN picoblaze NULL /home/ise/Desktop/P2c_Picoblaze_ahorcado/P2c_Picoblaze_ahorcado/P2c_Proyecto_Helloworld_RAM_INT_FLIP/picoblaze.vhd sub00/vhpl36 1746739848
AR zero_flag_logic low_level_definition /home/ise/Desktop/P2c_Picoblaze_ahorcado/P2c_Picoblaze_ahorcado/P2c_Proyecto_Helloworld_RAM_INT_FLIP/zero_flag_logic.vhd sub00/vhpl19 1746739831
EN zero_flag_logic NULL /home/ise/Desktop/P2c_Picoblaze_ahorcado/P2c_Picoblaze_ahorcado/P2c_Proyecto_Helloworld_RAM_INT_FLIP/zero_flag_logic.vhd sub00/vhpl18 1746739830
AR stack_counter low_level_definition /home/ise/Desktop/P2c_Picoblaze_ahorcado/P2c_Picoblaze_ahorcado/P2c_Proyecto_Helloworld_RAM_INT_FLIP/stack_counter.vhd sub00/vhpl31 1746739843
EN interrupt_capture NULL /home/ise/Desktop/P2c_Picoblaze_ahorcado/P2c_Picoblaze_ahorcado/P2c_Proyecto_Helloworld_RAM_INT_FLIP/interrupt_capture.vhd sub00/vhpl32 1746739844
EN ram_nx1 NULL /home/ise/Desktop/P2c_Picoblaze_ahorcado/P2c_Picoblaze_ahorcado/P2c_Proyecto_Helloworld_RAM_INT_FLIP/register_bank.vhd sub00/vhpl24 1746739836
EN swap NULL C:/Users/DETCP/Desktop/proyectos_adh/ahorcado_working/P2c_Proyecto_Helloworld_RAM_INT_FLIP/swap.vhd sub00/vhpl42 1749578774
