V3 97
FL C:/Xilinx/Practicas_4AHC/Practica2_Picoblaze/P2a_Picoblaze_Helloworld/Proyecto2a_Picoblaze_helloworld/arithmatic.vhd 2002/08/16.09:24:50 P.20131013
FL C:/Xilinx/Practicas_4AHC/Practica2_Picoblaze/P2a_Picoblaze_Helloworld/Proyecto2a_Picoblaze_helloworld/carry_flag_logic.vhd 2002/08/16.09:24:50 P.20131013
FL C:/Xilinx/Practicas_4AHC/Practica2_Picoblaze/P2a_Picoblaze_Helloworld/Proyecto2a_Picoblaze_helloworld/interrupt_capture.vhd 2002/08/16.09:24:50 P.20131013
FL C:/Xilinx/Practicas_4AHC/Practica2_Picoblaze/P2a_Picoblaze_Helloworld/Proyecto2a_Picoblaze_helloworld/interrupt_logic.vhd 2002/10/11.16:45:10 P.20131013
FL C:/Xilinx/Practicas_4AHC/Practica2_Picoblaze/P2a_Picoblaze_Helloworld/Proyecto2a_Picoblaze_helloworld/IO_strobe_logic.vhd 2002/08/16.09:24:50 P.20131013
FL C:/Xilinx/Practicas_4AHC/Practica2_Picoblaze/P2a_Picoblaze_Helloworld/Proyecto2a_Picoblaze_helloworld/logical_bus_processing.vhd 2002/08/16.09:24:50 P.20131013
FL C:/Xilinx/Practicas_4AHC/Practica2_Picoblaze/P2a_Picoblaze_Helloworld/Proyecto2a_Picoblaze_helloworld/picoblaze.vhd 2002/12/16.14:05:22 P.20131013
FL C:/Xilinx/Practicas_4AHC/Practica2_Picoblaze/P2a_Picoblaze_Helloworld/Proyecto2a_Picoblaze_helloworld/programa_helloworld.vhd 2020/10/22.18:31:22 P.20131013
EN work/programa_helloworld 1603389972 \
      FL C:/Xilinx/Practicas_4AHC/Practica2_Picoblaze/P2a_Picoblaze_Helloworld/Proyecto2a_Picoblaze_helloworld/programa_helloworld.vhd \
      PB ieee/std_logic_1164 1381692176 PB ieee/STD_LOGIC_UNSIGNED 1381692179
AR work/programa_helloworld/v1 1603389973 \
      FL C:/Xilinx/Practicas_4AHC/Practica2_Picoblaze/P2a_Picoblaze_Helloworld/Proyecto2a_Picoblaze_helloworld/programa_helloworld.vhd \
      EN work/programa_helloworld 1603389972
FL C:/Xilinx/Practicas_4AHC/Practica2_Picoblaze/P2a_Picoblaze_Helloworld/Proyecto2a_Picoblaze_helloworld/program_counter.vhd 2002/08/16.09:24:50 P.20131013
FL C:/Xilinx/Practicas_4AHC/Practica2_Picoblaze/P2a_Picoblaze_Helloworld/Proyecto2a_Picoblaze_helloworld/register_and_flag_enable.vhd 2002/10/17.11:19:42 P.20131013
FL C:/Xilinx/Practicas_4AHC/Practica2_Picoblaze/P2a_Picoblaze_Helloworld/Proyecto2a_Picoblaze_helloworld/register_bank.vhd 2002/10/11.16:46:34 P.20131013
FL C:/Xilinx/Practicas_4AHC/Practica2_Picoblaze/P2a_Picoblaze_Helloworld/Proyecto2a_Picoblaze_helloworld/shift_rotate.vhd 2002/08/16.09:24:50 P.20131013
FL C:/Xilinx/Practicas_4AHC/Practica2_Picoblaze/P2a_Picoblaze_Helloworld/Proyecto2a_Picoblaze_helloworld/stack_counter.vhd 2002/10/11.16:48:06 P.20131013
FL C:/Xilinx/Practicas_4AHC/Practica2_Picoblaze/P2a_Picoblaze_Helloworld/Proyecto2a_Picoblaze_helloworld/stack_ram.vhd 2002/10/11.16:49:02 P.20131013
FL C:/Xilinx/Practicas_4AHC/Practica2_Picoblaze/P2a_Picoblaze_Helloworld/Proyecto2a_Picoblaze_helloworld/toplevel.vhd 2013/10/24.13:49:16 P.20131013
FL C:/Xilinx/Practicas_4AHC/Practica2_Picoblaze/P2a_Picoblaze_Helloworld/Proyecto2a_Picoblaze_helloworld/T_state_and_Reset.vhd 2002/08/16.09:24:50 P.20131013
FL C:/Xilinx/Practicas_4AHC/Practica2_Picoblaze/P2a_Picoblaze_Helloworld/Proyecto2a_Picoblaze_helloworld/zero_flag_logic.vhd 2002/08/16.09:24:50 P.20131013
FL C:/Xilinx/Practicas_4AHC/Practica2_Picoblaze/P2b_Picoblaze_Helloworld_RAM_INT/P2b_Proyecto_Helloworld_RAM_INT/arithmatic.vhd 2002/08/16.08:24:50 P.20131013
EN work/arithmetic_process 1603994612 \
      FL C:/Xilinx/Practicas_4AHC/Practica2_Picoblaze/P2b_Picoblaze_Helloworld_RAM_INT/P2b_Proyecto_Helloworld_RAM_INT/arithmatic.vhd \
      PB ieee/std_logic_1164 1381692176 PB ieee/std_logic_arith 1381692177 \
      PB ieee/STD_LOGIC_UNSIGNED 1381692179
AR work/arithmetic_process/low_level_definition 1603994613 \
      FL C:/Xilinx/Practicas_4AHC/Practica2_Picoblaze/P2b_Picoblaze_Helloworld_RAM_INT/P2b_Proyecto_Helloworld_RAM_INT/arithmatic.vhd \
      EN work/arithmetic_process 1603994612 CP addsub8
EN work/addsub8 1603994614 \
      FL C:/Xilinx/Practicas_4AHC/Practica2_Picoblaze/P2b_Picoblaze_Helloworld_RAM_INT/P2b_Proyecto_Helloworld_RAM_INT/arithmatic.vhd \
      PB ieee/std_logic_1164 1381692176 PB ieee/std_logic_arith 1381692177 \
      PB ieee/STD_LOGIC_UNSIGNED 1381692179
AR work/addsub8/low_level_definition 1603994615 \
      FL C:/Xilinx/Practicas_4AHC/Practica2_Picoblaze/P2b_Picoblaze_Helloworld_RAM_INT/P2b_Proyecto_Helloworld_RAM_INT/arithmatic.vhd \
      EN work/addsub8 1603994614
FL C:/Xilinx/Practicas_4AHC/Practica2_Picoblaze/P2b_Picoblaze_Helloworld_RAM_INT/P2b_Proyecto_Helloworld_RAM_INT/carry_flag_logic.vhd 2002/08/16.08:24:50 P.20131013
EN work/carry_flag_logic 1603994624 \
      FL C:/Xilinx/Practicas_4AHC/Practica2_Picoblaze/P2b_Picoblaze_Helloworld_RAM_INT/P2b_Proyecto_Helloworld_RAM_INT/carry_flag_logic.vhd \
      PB ieee/std_logic_1164 1381692176 PB ieee/std_logic_arith 1381692177 \
      PB ieee/STD_LOGIC_UNSIGNED 1381692179
AR work/carry_flag_logic/low_level_definition 1603994625 \
      FL C:/Xilinx/Practicas_4AHC/Practica2_Picoblaze/P2b_Picoblaze_Helloworld_RAM_INT/P2b_Proyecto_Helloworld_RAM_INT/carry_flag_logic.vhd \
      EN work/carry_flag_logic 1603994624
FL C:/Xilinx/Practicas_4AHC/Practica2_Picoblaze/P2b_Picoblaze_Helloworld_RAM_INT/P2b_Proyecto_Helloworld_RAM_INT/interrupt_capture.vhd 2002/08/16.08:24:50 P.20131013
EN work/interrupt_capture 1603994640 \
      FL C:/Xilinx/Practicas_4AHC/Practica2_Picoblaze/P2b_Picoblaze_Helloworld_RAM_INT/P2b_Proyecto_Helloworld_RAM_INT/interrupt_capture.vhd \
      PB ieee/std_logic_1164 1381692176 PB ieee/std_logic_arith 1381692177 \
      PB ieee/STD_LOGIC_UNSIGNED 1381692179
AR work/interrupt_capture/low_level_definition 1603994641 \
      FL C:/Xilinx/Practicas_4AHC/Practica2_Picoblaze/P2b_Picoblaze_Helloworld_RAM_INT/P2b_Proyecto_Helloworld_RAM_INT/interrupt_capture.vhd \
      EN work/interrupt_capture 1603994640
FL C:/Xilinx/Practicas_4AHC/Practica2_Picoblaze/P2b_Picoblaze_Helloworld_RAM_INT/P2b_Proyecto_Helloworld_RAM_INT/interrupt_logic.vhd 2002/10/11.15:45:10 P.20131013
EN work/interrupt_logic 1603994642 \
      FL C:/Xilinx/Practicas_4AHC/Practica2_Picoblaze/P2b_Picoblaze_Helloworld_RAM_INT/P2b_Proyecto_Helloworld_RAM_INT/interrupt_logic.vhd \
      PB ieee/std_logic_1164 1381692176 PB ieee/std_logic_arith 1381692177 \
      PB ieee/STD_LOGIC_UNSIGNED 1381692179
AR work/interrupt_logic/low_level_definition 1603994643 \
      FL C:/Xilinx/Practicas_4AHC/Practica2_Picoblaze/P2b_Picoblaze_Helloworld_RAM_INT/P2b_Proyecto_Helloworld_RAM_INT/interrupt_logic.vhd \
      EN work/interrupt_logic 1603994642
FL C:/Xilinx/Practicas_4AHC/Practica2_Picoblaze/P2b_Picoblaze_Helloworld_RAM_INT/P2b_Proyecto_Helloworld_RAM_INT/IO_strobe_logic.vhd 2002/08/16.08:24:50 P.20131013
EN work/IO_strobe_logic 1603994610 \
      FL C:/Xilinx/Practicas_4AHC/Practica2_Picoblaze/P2b_Picoblaze_Helloworld_RAM_INT/P2b_Proyecto_Helloworld_RAM_INT/IO_strobe_logic.vhd \
      PB ieee/std_logic_1164 1381692176 PB ieee/std_logic_arith 1381692177 \
      PB ieee/STD_LOGIC_UNSIGNED 1381692179 LB unisim PH unisim/VCOMPONENTS 1381692182
AR work/IO_strobe_logic/low_level_definition 1603994611 \
      FL C:/Xilinx/Practicas_4AHC/Practica2_Picoblaze/P2b_Picoblaze_Helloworld_RAM_INT/P2b_Proyecto_Helloworld_RAM_INT/IO_strobe_logic.vhd \
      EN work/IO_strobe_logic 1603994610
FL C:/Xilinx/Practicas_4AHC/Practica2_Picoblaze/P2b_Picoblaze_Helloworld_RAM_INT/P2b_Proyecto_Helloworld_RAM_INT/logical_bus_processing.vhd 2002/08/16.08:24:50 P.20131013
EN work/logical_bus_processing 1603994618 \
      FL C:/Xilinx/Practicas_4AHC/Practica2_Picoblaze/P2b_Picoblaze_Helloworld_RAM_INT/P2b_Proyecto_Helloworld_RAM_INT/logical_bus_processing.vhd \
      PB ieee/std_logic_1164 1381692176 PB ieee/std_logic_arith 1381692177 \
      PB ieee/STD_LOGIC_UNSIGNED 1381692179
AR work/logical_bus_processing/low_level_definition 1603994619 \
      FL C:/Xilinx/Practicas_4AHC/Practica2_Picoblaze/P2b_Picoblaze_Helloworld_RAM_INT/P2b_Proyecto_Helloworld_RAM_INT/logical_bus_processing.vhd \
      EN work/logical_bus_processing 1603994618
FL C:/Xilinx/Practicas_4AHC/Practica2_Picoblaze/P2b_Picoblaze_Helloworld_RAM_INT/P2b_Proyecto_Helloworld_RAM_INT/picoblaze.vhd 2002/12/16.13:05:22 P.20131013
EN work/picoblaze 1603994644 \
      FL C:/Xilinx/Practicas_4AHC/Practica2_Picoblaze/P2b_Picoblaze_Helloworld_RAM_INT/P2b_Proyecto_Helloworld_RAM_INT/picoblaze.vhd \
      PB ieee/std_logic_1164 1381692176 PB ieee/std_logic_arith 1381692177 \
      PB ieee/STD_LOGIC_UNSIGNED 1381692179
AR work/picoblaze/Behavioral 1603994645 \
      FL C:/Xilinx/Practicas_4AHC/Practica2_Picoblaze/P2b_Picoblaze_Helloworld_RAM_INT/P2b_Proyecto_Helloworld_RAM_INT/picoblaze.vhd \
      EN work/picoblaze 1603994644 CP IO_strobe_logic CP arithmetic_process \
      CP shift_rotate CP logical_bus_processing CP T_state_and_Reset \
      CP register_and_flag_enable CP carry_flag_logic CP zero_flag_logic \
      CP program_counter CP register_bank CP stack_ram CP stack_counter \
      CP interrupt_capture CP interrupt_logic
FL C:/Xilinx/Practicas_4AHC/Practica2_Picoblaze/P2b_Picoblaze_Helloworld_RAM_INT/P2b_Proyecto_Helloworld_RAM_INT/programa_helloworld_int.vhd 2020/10/29.19:00:06 P.20131013
EN work/programa_helloworld_int 1603994646 \
      FL C:/Xilinx/Practicas_4AHC/Practica2_Picoblaze/P2b_Picoblaze_Helloworld_RAM_INT/P2b_Proyecto_Helloworld_RAM_INT/programa_helloworld_int.vhd \
      PB ieee/std_logic_1164 1381692176 PB ieee/STD_LOGIC_UNSIGNED 1381692179
AR work/programa_helloworld_int/v1 1603994647 \
      FL C:/Xilinx/Practicas_4AHC/Practica2_Picoblaze/P2b_Picoblaze_Helloworld_RAM_INT/P2b_Proyecto_Helloworld_RAM_INT/programa_helloworld_int.vhd \
      EN work/programa_helloworld_int 1603994646
FL C:/Xilinx/Practicas_4AHC/Practica2_Picoblaze/P2b_Picoblaze_Helloworld_RAM_INT/P2b_Proyecto_Helloworld_RAM_INT/program_counter.vhd 2002/08/16.08:24:50 P.20131013
EN work/program_counter 1603994628 \
      FL C:/Xilinx/Practicas_4AHC/Practica2_Picoblaze/P2b_Picoblaze_Helloworld_RAM_INT/P2b_Proyecto_Helloworld_RAM_INT/program_counter.vhd \
      PB ieee/std_logic_1164 1381692176 PB ieee/std_logic_arith 1381692177 \
      PB ieee/STD_LOGIC_UNSIGNED 1381692179
AR work/program_counter/low_level_definition 1603994629 \
      FL C:/Xilinx/Practicas_4AHC/Practica2_Picoblaze/P2b_Picoblaze_Helloworld_RAM_INT/P2b_Proyecto_Helloworld_RAM_INT/program_counter.vhd \
      EN work/program_counter 1603994628
FL C:/Xilinx/Practicas_4AHC/Practica2_Picoblaze/P2b_Picoblaze_Helloworld_RAM_INT/P2b_Proyecto_Helloworld_RAM_INT/register_and_flag_enable.vhd 2002/10/17.10:19:42 P.20131013
EN work/register_and_flag_enable 1603994622 \
      FL C:/Xilinx/Practicas_4AHC/Practica2_Picoblaze/P2b_Picoblaze_Helloworld_RAM_INT/P2b_Proyecto_Helloworld_RAM_INT/register_and_flag_enable.vhd \
      PB ieee/std_logic_1164 1381692176 PB ieee/std_logic_arith 1381692177 \
      PB ieee/STD_LOGIC_UNSIGNED 1381692179
AR work/register_and_flag_enable/low_level_definition 1603994623 \
      FL C:/Xilinx/Practicas_4AHC/Practica2_Picoblaze/P2b_Picoblaze_Helloworld_RAM_INT/P2b_Proyecto_Helloworld_RAM_INT/register_and_flag_enable.vhd \
      EN work/register_and_flag_enable 1603994622
FL C:/Xilinx/Practicas_4AHC/Practica2_Picoblaze/P2b_Picoblaze_Helloworld_RAM_INT/P2b_Proyecto_Helloworld_RAM_INT/register_bank.vhd 2002/10/11.15:46:34 P.20131013
EN work/register_bank 1603994630 \
      FL C:/Xilinx/Practicas_4AHC/Practica2_Picoblaze/P2b_Picoblaze_Helloworld_RAM_INT/P2b_Proyecto_Helloworld_RAM_INT/register_bank.vhd \
      PB ieee/std_logic_1164 1381692176 PB ieee/std_logic_arith 1381692177 \
      PB ieee/STD_LOGIC_UNSIGNED 1381692179
AR work/register_bank/Behavioral 1603994631 \
      FL C:/Xilinx/Practicas_4AHC/Practica2_Picoblaze/P2b_Picoblaze_Helloworld_RAM_INT/P2b_Proyecto_Helloworld_RAM_INT/register_bank.vhd \
      EN work/register_bank 1603994630 CP ram_Nx1
EN work/ram_Nx1 1603994632 \
      FL C:/Xilinx/Practicas_4AHC/Practica2_Picoblaze/P2b_Picoblaze_Helloworld_RAM_INT/P2b_Proyecto_Helloworld_RAM_INT/register_bank.vhd \
      PB ieee/std_logic_1164 1381692176 PB ieee/std_logic_arith 1381692177 \
      PB ieee/STD_LOGIC_UNSIGNED 1381692179
AR work/ram_Nx1/Behavioral 1603994633 \
      FL C:/Xilinx/Practicas_4AHC/Practica2_Picoblaze/P2b_Picoblaze_Helloworld_RAM_INT/P2b_Proyecto_Helloworld_RAM_INT/register_bank.vhd \
      EN work/ram_Nx1 1603994632
FL C:/Xilinx/Practicas_4AHC/Practica2_Picoblaze/P2b_Picoblaze_Helloworld_RAM_INT/P2b_Proyecto_Helloworld_RAM_INT/shift_rotate.vhd 2002/08/16.08:24:50 P.20131013
EN work/shift_rotate 1603994616 \
      FL C:/Xilinx/Practicas_4AHC/Practica2_Picoblaze/P2b_Picoblaze_Helloworld_RAM_INT/P2b_Proyecto_Helloworld_RAM_INT/shift_rotate.vhd \
      PB ieee/std_logic_1164 1381692176 PB ieee/std_logic_arith 1381692177 \
      PB ieee/STD_LOGIC_UNSIGNED 1381692179
AR work/shift_rotate/low_level_definition 1603994617 \
      FL C:/Xilinx/Practicas_4AHC/Practica2_Picoblaze/P2b_Picoblaze_Helloworld_RAM_INT/P2b_Proyecto_Helloworld_RAM_INT/shift_rotate.vhd \
      EN work/shift_rotate 1603994616
FL C:/Xilinx/Practicas_4AHC/Practica2_Picoblaze/P2b_Picoblaze_Helloworld_RAM_INT/P2b_Proyecto_Helloworld_RAM_INT/stack_counter.vhd 2002/10/11.15:48:06 P.20131013
EN work/stack_counter 1603994638 \
      FL C:/Xilinx/Practicas_4AHC/Practica2_Picoblaze/P2b_Picoblaze_Helloworld_RAM_INT/P2b_Proyecto_Helloworld_RAM_INT/stack_counter.vhd \
      PB ieee/std_logic_1164 1381692176 PB ieee/std_logic_arith 1381692177 \
      PB ieee/STD_LOGIC_UNSIGNED 1381692179
AR work/stack_counter/low_level_definition 1603994639 \
      FL C:/Xilinx/Practicas_4AHC/Practica2_Picoblaze/P2b_Picoblaze_Helloworld_RAM_INT/P2b_Proyecto_Helloworld_RAM_INT/stack_counter.vhd \
      EN work/stack_counter 1603994638
FL C:/Xilinx/Practicas_4AHC/Practica2_Picoblaze/P2b_Picoblaze_Helloworld_RAM_INT/P2b_Proyecto_Helloworld_RAM_INT/stack_ram.vhd 2002/10/11.15:49:02 P.20131013
EN work/stack_ram 1603994634 \
      FL C:/Xilinx/Practicas_4AHC/Practica2_Picoblaze/P2b_Picoblaze_Helloworld_RAM_INT/P2b_Proyecto_Helloworld_RAM_INT/stack_ram.vhd \
      PB ieee/std_logic_1164 1381692176 PB ieee/std_logic_arith 1381692177 \
      PB ieee/STD_LOGIC_UNSIGNED 1381692179
AR work/stack_ram/low_level_definition 1603994635 \
      FL C:/Xilinx/Practicas_4AHC/Practica2_Picoblaze/P2b_Picoblaze_Helloworld_RAM_INT/P2b_Proyecto_Helloworld_RAM_INT/stack_ram.vhd \
      EN work/stack_ram 1603994634 CP ram_x1s
EN work/ram_x1s 1603994636 \
      FL C:/Xilinx/Practicas_4AHC/Practica2_Picoblaze/P2b_Picoblaze_Helloworld_RAM_INT/P2b_Proyecto_Helloworld_RAM_INT/stack_ram.vhd \
      PB ieee/std_logic_1164 1381692176 PB ieee/std_logic_arith 1381692177 \
      PB ieee/STD_LOGIC_UNSIGNED 1381692179
AR work/ram_x1s/Behavioral 1603994637 \
      FL C:/Xilinx/Practicas_4AHC/Practica2_Picoblaze/P2b_Picoblaze_Helloworld_RAM_INT/P2b_Proyecto_Helloworld_RAM_INT/stack_ram.vhd \
      EN work/ram_x1s 1603994636
FL C:/Xilinx/Practicas_4AHC/Practica2_Picoblaze/P2b_Picoblaze_Helloworld_RAM_INT/P2b_Proyecto_Helloworld_RAM_INT/toplevel_helloworld_RAM_Int.vhd 2013/10/24.11:17:06 P.20131013
EN work/toplevel 1603994648 \
      FL C:/Xilinx/Practicas_4AHC/Practica2_Picoblaze/P2b_Picoblaze_Helloworld_RAM_INT/P2b_Proyecto_Helloworld_RAM_INT/toplevel_helloworld_RAM_Int.vhd \
      PB ieee/std_logic_1164 1381692176 PB ieee/NUMERIC_STD 1381692181
AR work/toplevel/behavioral 1603994649 \
      FL C:/Xilinx/Practicas_4AHC/Practica2_Picoblaze/P2b_Picoblaze_Helloworld_RAM_INT/P2b_Proyecto_Helloworld_RAM_INT/toplevel_helloworld_RAM_Int.vhd \
      EN work/toplevel 1603994648 CP picoblaze CP programa_helloworld_int
FL C:/Xilinx/Practicas_4AHC/Practica2_Picoblaze/P2b_Picoblaze_Helloworld_RAM_INT/P2b_Proyecto_Helloworld_RAM_INT/T_state_and_Reset.vhd 2002/08/16.08:24:50 P.20131013
EN work/T_state_and_Reset 1603994620 \
      FL C:/Xilinx/Practicas_4AHC/Practica2_Picoblaze/P2b_Picoblaze_Helloworld_RAM_INT/P2b_Proyecto_Helloworld_RAM_INT/T_state_and_Reset.vhd \
      PB ieee/std_logic_1164 1381692176 PB ieee/std_logic_arith 1381692177 \
      PB ieee/STD_LOGIC_UNSIGNED 1381692179
AR work/T_state_and_Reset/low_level_definition 1603994621 \
      FL C:/Xilinx/Practicas_4AHC/Practica2_Picoblaze/P2b_Picoblaze_Helloworld_RAM_INT/P2b_Proyecto_Helloworld_RAM_INT/T_state_and_Reset.vhd \
      EN work/T_state_and_Reset 1603994620
FL C:/Xilinx/Practicas_4AHC/Practica2_Picoblaze/P2b_Picoblaze_Helloworld_RAM_INT/P2b_Proyecto_Helloworld_RAM_INT/zero_flag_logic.vhd 2002/08/16.08:24:50 P.20131013
EN work/zero_flag_logic 1603994626 \
      FL C:/Xilinx/Practicas_4AHC/Practica2_Picoblaze/P2b_Picoblaze_Helloworld_RAM_INT/P2b_Proyecto_Helloworld_RAM_INT/zero_flag_logic.vhd \
      PB ieee/std_logic_1164 1381692176 PB ieee/std_logic_arith 1381692177 \
      PB ieee/STD_LOGIC_UNSIGNED 1381692179
AR work/zero_flag_logic/low_level_definition 1603994627 \
      FL C:/Xilinx/Practicas_4AHC/Practica2_Picoblaze/P2b_Picoblaze_Helloworld_RAM_INT/P2b_Proyecto_Helloworld_RAM_INT/zero_flag_logic.vhd \
      EN work/zero_flag_logic 1603994626
