EN register_bank NULL C:/Xilinx/Practicas_4AHC/Practica2_Picoblaze/P2c_Picoblaze_Helloworld_RAM_INT_FLIP/P2c_Proyecto_Helloworld_RAM_INT_FLIP/register_bank.vhd sub00/vhpl22 1604599275
AR flip low_level_definition C:/Xilinx/Practicas_4AHC/Practica2_Picoblaze/P2c_Picoblaze_Helloworld_RAM_INT_FLIP/P2c_Proyecto_Helloworld_RAM_INT_FLIP/flip.vhd sub00/vhpl09 1604599262
AR stack_ram low_level_definition C:/Xilinx/Practicas_4AHC/Practica2_Picoblaze/P2c_Picoblaze_Helloworld_RAM_INT_FLIP/P2c_Proyecto_Helloworld_RAM_INT_FLIP/stack_ram.vhd sub00/vhpl27 1604599280
AR register_bank behavioral C:/Xilinx/Practicas_4AHC/Practica2_Picoblaze/P2c_Picoblaze_Helloworld_RAM_INT_FLIP/P2c_Proyecto_Helloworld_RAM_INT_FLIP/register_bank.vhd sub00/vhpl23 1604599276
EN logical_bus_processing NULL C:/Xilinx/Practicas_4AHC/Practica2_Picoblaze/P2c_Picoblaze_Helloworld_RAM_INT_FLIP/P2c_Proyecto_Helloworld_RAM_INT_FLIP/logical_bus_processing.vhd sub00/vhpl10 1604599263
EN shift_rotate NULL C:/Xilinx/Practicas_4AHC/Practica2_Picoblaze/P2c_Picoblaze_Helloworld_RAM_INT_FLIP/P2c_Proyecto_Helloworld_RAM_INT_FLIP/shift_rotate.vhd sub00/vhpl06 1604599259
AR programa_helloworld_int_flip v1 C:/Xilinx/Practicas_4AHC/Practica2_Picoblaze/P2c_Picoblaze_Helloworld_RAM_INT_FLIP/P2c_Proyecto_Helloworld_RAM_INT_FLIP/programa_helloworld_int_FLIP.vhd sub00/vhpl39 1604599292
AR picoblaze behavioral C:/Xilinx/Practicas_4AHC/Practica2_Picoblaze/P2c_Picoblaze_Helloworld_RAM_INT_FLIP/P2c_Proyecto_Helloworld_RAM_INT_FLIP/picoblaze.vhd sub00/vhpl37 1604599290
AR addsub8 low_level_definition C:/Xilinx/Practicas_4AHC/Practica2_Picoblaze/P2c_Picoblaze_Helloworld_RAM_INT_FLIP/P2c_Proyecto_Helloworld_RAM_INT_FLIP/arithmatic.vhd sub00/vhpl05 1604599258
AR arithmetic_process low_level_definition C:/Xilinx/Practicas_4AHC/Practica2_Picoblaze/P2c_Picoblaze_Helloworld_RAM_INT_FLIP/P2c_Proyecto_Helloworld_RAM_INT_FLIP/arithmatic.vhd sub00/vhpl03 1604599256
AR carry_flag_logic low_level_definition C:/Xilinx/Practicas_4AHC/Practica2_Picoblaze/P2c_Picoblaze_Helloworld_RAM_INT_FLIP/P2c_Proyecto_Helloworld_RAM_INT_FLIP/carry_flag_logic.vhd sub00/vhpl17 1604599270
EN program_counter NULL C:/Xilinx/Practicas_4AHC/Practica2_Picoblaze/P2c_Picoblaze_Helloworld_RAM_INT_FLIP/P2c_Proyecto_Helloworld_RAM_INT_FLIP/program_counter.vhd sub00/vhpl20 1604599273
EN stack_counter NULL C:/Xilinx/Practicas_4AHC/Practica2_Picoblaze/P2c_Picoblaze_Helloworld_RAM_INT_FLIP/P2c_Proyecto_Helloworld_RAM_INT_FLIP/stack_counter.vhd sub00/vhpl30 1604599283
AR register_and_flag_enable low_level_definition C:/Xilinx/Practicas_4AHC/Practica2_Picoblaze/P2c_Picoblaze_Helloworld_RAM_INT_FLIP/P2c_Proyecto_Helloworld_RAM_INT_FLIP/register_and_flag_enable.vhd sub00/vhpl15 1604599268
EN modulo_xor NULL D:/PRAC_carmenvaroandre/P2c_Picoblaze_Helloworld_RAM_INT_FLIP/P2c_Proyecto_Helloworld_RAM_INT_FLIP/modulo_xor.vhd sub00/vhpl42 1764841929
EN flip NULL C:/Xilinx/Practicas_4AHC/Practica2_Picoblaze/P2c_Picoblaze_Helloworld_RAM_INT_FLIP/P2c_Proyecto_Helloworld_RAM_INT_FLIP/flip.vhd sub00/vhpl08 1604599261
AR io_strobe_logic low_level_definition C:/Xilinx/Practicas_4AHC/Practica2_Picoblaze/P2c_Picoblaze_Helloworld_RAM_INT_FLIP/P2c_Proyecto_Helloworld_RAM_INT_FLIP/IO_strobe_logic.vhd sub00/vhpl01 1604599254
EN register_and_flag_enable NULL C:/Xilinx/Practicas_4AHC/Practica2_Picoblaze/P2c_Picoblaze_Helloworld_RAM_INT_FLIP/P2c_Proyecto_Helloworld_RAM_INT_FLIP/register_and_flag_enable.vhd sub00/vhpl14 1604599267
AR modulo_xor behavioral D:/PRAC_carmenvaroandre/P2c_Picoblaze_Helloworld_RAM_INT_FLIP/P2c_Proyecto_Helloworld_RAM_INT_FLIP/modulo_xor.vhd sub00/vhpl43 1764841930
EN toplevel NULL C:/Xilinx/Practicas_4AHC/Practica2_Picoblaze/P2c_Picoblaze_Helloworld_RAM_INT_FLIP/P2c_Proyecto_Helloworld_RAM_INT_FLIP/toplevel_helloworld_RAM_Int.vhd sub00/vhpl40 1604599293
EN addsub8 NULL C:/Xilinx/Practicas_4AHC/Practica2_Picoblaze/P2c_Picoblaze_Helloworld_RAM_INT_FLIP/P2c_Proyecto_Helloworld_RAM_INT_FLIP/arithmatic.vhd sub00/vhpl04 1604599257
AR ram_x1s behavioral C:/Xilinx/Practicas_4AHC/Practica2_Picoblaze/P2c_Picoblaze_Helloworld_RAM_INT_FLIP/P2c_Proyecto_Helloworld_RAM_INT_FLIP/stack_ram.vhd sub00/vhpl29 1604599282
EN carry_flag_logic NULL C:/Xilinx/Practicas_4AHC/Practica2_Picoblaze/P2c_Picoblaze_Helloworld_RAM_INT_FLIP/P2c_Proyecto_Helloworld_RAM_INT_FLIP/carry_flag_logic.vhd sub00/vhpl16 1604599269
EN interrupt_logic NULL C:/Xilinx/Practicas_4AHC/Practica2_Picoblaze/P2c_Picoblaze_Helloworld_RAM_INT_FLIP/P2c_Proyecto_Helloworld_RAM_INT_FLIP/interrupt_logic.vhd sub00/vhpl34 1604599287
AR shift_rotate low_level_definition C:/Xilinx/Practicas_4AHC/Practica2_Picoblaze/P2c_Picoblaze_Helloworld_RAM_INT_FLIP/P2c_Proyecto_Helloworld_RAM_INT_FLIP/shift_rotate.vhd sub00/vhpl07 1604599260
AR program_counter low_level_definition C:/Xilinx/Practicas_4AHC/Practica2_Picoblaze/P2c_Picoblaze_Helloworld_RAM_INT_FLIP/P2c_Proyecto_Helloworld_RAM_INT_FLIP/program_counter.vhd sub00/vhpl21 1604599274
AR logical_bus_processing low_level_definition C:/Xilinx/Practicas_4AHC/Practica2_Picoblaze/P2c_Picoblaze_Helloworld_RAM_INT_FLIP/P2c_Proyecto_Helloworld_RAM_INT_FLIP/logical_bus_processing.vhd sub00/vhpl11 1604599264
EN programa_helloworld_int_flip NULL C:/Xilinx/Practicas_4AHC/Practica2_Picoblaze/P2c_Picoblaze_Helloworld_RAM_INT_FLIP/P2c_Proyecto_Helloworld_RAM_INT_FLIP/programa_helloworld_int_FLIP.vhd sub00/vhpl38 1604599291
EN stack_ram NULL C:/Xilinx/Practicas_4AHC/Practica2_Picoblaze/P2c_Picoblaze_Helloworld_RAM_INT_FLIP/P2c_Proyecto_Helloworld_RAM_INT_FLIP/stack_ram.vhd sub00/vhpl26 1604599279
AR t_state_and_reset low_level_definition C:/Xilinx/Practicas_4AHC/Practica2_Picoblaze/P2c_Picoblaze_Helloworld_RAM_INT_FLIP/P2c_Proyecto_Helloworld_RAM_INT_FLIP/T_state_and_Reset.vhd sub00/vhpl13 1604599266
AR ram_nx1 behavioral C:/Xilinx/Practicas_4AHC/Practica2_Picoblaze/P2c_Picoblaze_Helloworld_RAM_INT_FLIP/P2c_Proyecto_Helloworld_RAM_INT_FLIP/register_bank.vhd sub00/vhpl25 1604599278
EN io_strobe_logic NULL C:/Xilinx/Practicas_4AHC/Practica2_Picoblaze/P2c_Picoblaze_Helloworld_RAM_INT_FLIP/P2c_Proyecto_Helloworld_RAM_INT_FLIP/IO_strobe_logic.vhd sub00/vhpl00 1604599253
AR toplevel behavioral C:/Xilinx/Practicas_4AHC/Practica2_Picoblaze/P2c_Picoblaze_Helloworld_RAM_INT_FLIP/P2c_Proyecto_Helloworld_RAM_INT_FLIP/toplevel_helloworld_RAM_Int.vhd sub00/vhpl41 1604599294
EN arithmetic_process NULL C:/Xilinx/Practicas_4AHC/Practica2_Picoblaze/P2c_Picoblaze_Helloworld_RAM_INT_FLIP/P2c_Proyecto_Helloworld_RAM_INT_FLIP/arithmatic.vhd sub00/vhpl02 1604599255
AR interrupt_logic low_level_definition C:/Xilinx/Practicas_4AHC/Practica2_Picoblaze/P2c_Picoblaze_Helloworld_RAM_INT_FLIP/P2c_Proyecto_Helloworld_RAM_INT_FLIP/interrupt_logic.vhd sub00/vhpl35 1604599288
AR interrupt_capture low_level_definition C:/Xilinx/Practicas_4AHC/Practica2_Picoblaze/P2c_Picoblaze_Helloworld_RAM_INT_FLIP/P2c_Proyecto_Helloworld_RAM_INT_FLIP/interrupt_capture.vhd sub00/vhpl33 1604599286
EN ram_x1s NULL C:/Xilinx/Practicas_4AHC/Practica2_Picoblaze/P2c_Picoblaze_Helloworld_RAM_INT_FLIP/P2c_Proyecto_Helloworld_RAM_INT_FLIP/stack_ram.vhd sub00/vhpl28 1604599281
EN t_state_and_reset NULL C:/Xilinx/Practicas_4AHC/Practica2_Picoblaze/P2c_Picoblaze_Helloworld_RAM_INT_FLIP/P2c_Proyecto_Helloworld_RAM_INT_FLIP/T_state_and_Reset.vhd sub00/vhpl12 1604599265
EN picoblaze NULL C:/Xilinx/Practicas_4AHC/Practica2_Picoblaze/P2c_Picoblaze_Helloworld_RAM_INT_FLIP/P2c_Proyecto_Helloworld_RAM_INT_FLIP/picoblaze.vhd sub00/vhpl36 1604599289
AR zero_flag_logic low_level_definition C:/Xilinx/Practicas_4AHC/Practica2_Picoblaze/P2c_Picoblaze_Helloworld_RAM_INT_FLIP/P2c_Proyecto_Helloworld_RAM_INT_FLIP/zero_flag_logic.vhd sub00/vhpl19 1604599272
EN zero_flag_logic NULL C:/Xilinx/Practicas_4AHC/Practica2_Picoblaze/P2c_Picoblaze_Helloworld_RAM_INT_FLIP/P2c_Proyecto_Helloworld_RAM_INT_FLIP/zero_flag_logic.vhd sub00/vhpl18 1604599271
AR stack_counter low_level_definition C:/Xilinx/Practicas_4AHC/Practica2_Picoblaze/P2c_Picoblaze_Helloworld_RAM_INT_FLIP/P2c_Proyecto_Helloworld_RAM_INT_FLIP/stack_counter.vhd sub00/vhpl31 1604599284
EN interrupt_capture NULL C:/Xilinx/Practicas_4AHC/Practica2_Picoblaze/P2c_Picoblaze_Helloworld_RAM_INT_FLIP/P2c_Proyecto_Helloworld_RAM_INT_FLIP/interrupt_capture.vhd sub00/vhpl32 1604599285
EN ram_nx1 NULL C:/Xilinx/Practicas_4AHC/Practica2_Picoblaze/P2c_Picoblaze_Helloworld_RAM_INT_FLIP/P2c_Proyecto_Helloworld_RAM_INT_FLIP/register_bank.vhd sub00/vhpl24 1604599277
