EN register_bank NULL C:/Users/mambr/OneDrive/Documentos/GitHub/arq/P2c_Picoblaze_Helloworld_RAM_INT_FLIP/P2c_Proyecto_Helloworld_RAM_INT_FLIP/register_bank.vhd sub00/vhpl24 1768584560
AR stack_ram low_level_definition C:/Users/mambr/OneDrive/Documentos/GitHub/arq/P2c_Picoblaze_Helloworld_RAM_INT_FLIP/P2c_Proyecto_Helloworld_RAM_INT_FLIP/stack_ram.vhd sub00/vhpl29 1768584565
AR register_bank behavioral C:/Users/mambr/OneDrive/Documentos/GitHub/arq/P2c_Picoblaze_Helloworld_RAM_INT_FLIP/P2c_Proyecto_Helloworld_RAM_INT_FLIP/register_bank.vhd sub00/vhpl25 1768584561
EN vga_inter NULL C:/Users/mambr/OneDrive/Documentos/GitHub/arq/P2c_Picoblaze_Helloworld_RAM_INT_FLIP/P2c_Proyecto_Helloworld_RAM_INT_FLIP/vga_inter.vhd sub00/vhpl44 1768584580
EN logical_bus_processing NULL C:/Users/mambr/OneDrive/Documentos/GitHub/arq/P2c_Picoblaze_Helloworld_RAM_INT_FLIP/P2c_Proyecto_Helloworld_RAM_INT_FLIP/logical_bus_processing.vhd sub00/vhpl12 1768584548
EN shift_rotate NULL C:/Users/mambr/OneDrive/Documentos/GitHub/arq/P2c_Picoblaze_Helloworld_RAM_INT_FLIP/P2c_Proyecto_Helloworld_RAM_INT_FLIP/shift_rotate.vhd sub00/vhpl08 1768584544
AR picoblaze behavioral C:/Users/mambr/OneDrive/Documentos/GitHub/arq/P2c_Picoblaze_Helloworld_RAM_INT_FLIP/P2c_Proyecto_Helloworld_RAM_INT_FLIP/picoblaze.vhd sub00/vhpl39 1768584575
AR addsub8 low_level_definition C:/Users/mambr/OneDrive/Documentos/GitHub/arq/P2c_Picoblaze_Helloworld_RAM_INT_FLIP/P2c_Proyecto_Helloworld_RAM_INT_FLIP/arithmatic.vhd sub00/vhpl07 1768584543
EN hasher NULL C:/Users/mambr/OneDrive/Documentos/GitHub/arq/P2c_Picoblaze_Helloworld_RAM_INT_FLIP/P2c_Proyecto_Helloworld_RAM_INT_FLIP/hasher.vhd sub00/vhpl10 1768584546
AR arithmetic_process low_level_definition C:/Users/mambr/OneDrive/Documentos/GitHub/arq/P2c_Picoblaze_Helloworld_RAM_INT_FLIP/P2c_Proyecto_Helloworld_RAM_INT_FLIP/arithmatic.vhd sub00/vhpl05 1768584541
AR carry_flag_logic low_level_definition C:/Users/mambr/OneDrive/Documentos/GitHub/arq/P2c_Picoblaze_Helloworld_RAM_INT_FLIP/P2c_Proyecto_Helloworld_RAM_INT_FLIP/carry_flag_logic.vhd sub00/vhpl19 1768584555
EN program_counter NULL C:/Users/mambr/OneDrive/Documentos/GitHub/arq/P2c_Picoblaze_Helloworld_RAM_INT_FLIP/P2c_Proyecto_Helloworld_RAM_INT_FLIP/program_counter.vhd sub00/vhpl22 1768584558
EN stack_counter NULL C:/Users/mambr/OneDrive/Documentos/GitHub/arq/P2c_Picoblaze_Helloworld_RAM_INT_FLIP/P2c_Proyecto_Helloworld_RAM_INT_FLIP/stack_counter.vhd sub00/vhpl32 1768584568
AR register_and_flag_enable low_level_definition C:/Users/mambr/OneDrive/Documentos/GitHub/arq/P2c_Picoblaze_Helloworld_RAM_INT_FLIP/P2c_Proyecto_Helloworld_RAM_INT_FLIP/register_and_flag_enable.vhd sub00/vhpl17 1768584553
EN modulo_xor NULL C:/Users/mambr/OneDrive/Documentos/GitHub/arq/P2c_Picoblaze_Helloworld_RAM_INT_FLIP/P2c_Proyecto_Helloworld_RAM_INT_FLIP/modulo_xor.vhd sub00/vhpl42 1768584578
AR io_strobe_logic low_level_definition C:/Users/mambr/OneDrive/Documentos/GitHub/arq/P2c_Picoblaze_Helloworld_RAM_INT_FLIP/P2c_Proyecto_Helloworld_RAM_INT_FLIP/IO_strobe_logic.vhd sub00/vhpl03 1768584539
EN register_and_flag_enable NULL C:/Users/mambr/OneDrive/Documentos/GitHub/arq/P2c_Picoblaze_Helloworld_RAM_INT_FLIP/P2c_Proyecto_Helloworld_RAM_INT_FLIP/register_and_flag_enable.vhd sub00/vhpl16 1768584552
AR modulo_xor behavioral C:/Users/mambr/OneDrive/Documentos/GitHub/arq/P2c_Picoblaze_Helloworld_RAM_INT_FLIP/P2c_Proyecto_Helloworld_RAM_INT_FLIP/modulo_xor.vhd sub00/vhpl43 1768584579
AR hasher low_level_definition C:/Users/mambr/OneDrive/Documentos/GitHub/arq/P2c_Picoblaze_Helloworld_RAM_INT_FLIP/P2c_Proyecto_Helloworld_RAM_INT_FLIP/hasher.vhd sub00/vhpl11 1768584547
EN toplevel NULL C:/Users/mambr/OneDrive/Documentos/GitHub/arq/P2c_Picoblaze_Helloworld_RAM_INT_FLIP/P2c_Proyecto_Helloworld_RAM_INT_FLIP/toplevel_helloworld_RAM_Int.vhd sub00/vhpl48 1768584584
EN addsub8 NULL C:/Users/mambr/OneDrive/Documentos/GitHub/arq/P2c_Picoblaze_Helloworld_RAM_INT_FLIP/P2c_Proyecto_Helloworld_RAM_INT_FLIP/arithmatic.vhd sub00/vhpl06 1768584542
EN vga NULL C:/Users/mambr/OneDrive/Documentos/GitHub/arq/P2c_Picoblaze_Helloworld_RAM_INT_FLIP/P2c_Proyecto_Helloworld_RAM_INT_FLIP/vga.vhd sub00/vhpl00 1768584536
AR ram_x1s behavioral C:/Users/mambr/OneDrive/Documentos/GitHub/arq/P2c_Picoblaze_Helloworld_RAM_INT_FLIP/P2c_Proyecto_Helloworld_RAM_INT_FLIP/stack_ram.vhd sub00/vhpl31 1768584567
EN carry_flag_logic NULL C:/Users/mambr/OneDrive/Documentos/GitHub/arq/P2c_Picoblaze_Helloworld_RAM_INT_FLIP/P2c_Proyecto_Helloworld_RAM_INT_FLIP/carry_flag_logic.vhd sub00/vhpl18 1768584554
EN interrupt_logic NULL C:/Users/mambr/OneDrive/Documentos/GitHub/arq/P2c_Picoblaze_Helloworld_RAM_INT_FLIP/P2c_Proyecto_Helloworld_RAM_INT_FLIP/interrupt_logic.vhd sub00/vhpl36 1768584572
AR shift_rotate low_level_definition C:/Users/mambr/OneDrive/Documentos/GitHub/arq/P2c_Picoblaze_Helloworld_RAM_INT_FLIP/P2c_Proyecto_Helloworld_RAM_INT_FLIP/shift_rotate.vhd sub00/vhpl09 1768584545
AR program_counter low_level_definition C:/Users/mambr/OneDrive/Documentos/GitHub/arq/P2c_Picoblaze_Helloworld_RAM_INT_FLIP/P2c_Proyecto_Helloworld_RAM_INT_FLIP/program_counter.vhd sub00/vhpl23 1768584559
AR logical_bus_processing low_level_definition C:/Users/mambr/OneDrive/Documentos/GitHub/arq/P2c_Picoblaze_Helloworld_RAM_INT_FLIP/P2c_Proyecto_Helloworld_RAM_INT_FLIP/logical_bus_processing.vhd sub00/vhpl13 1768584549
AR vga behavioral C:/Users/mambr/OneDrive/Documentos/GitHub/arq/P2c_Picoblaze_Helloworld_RAM_INT_FLIP/P2c_Proyecto_Helloworld_RAM_INT_FLIP/vga.vhd sub00/vhpl01 1768584537
EN stack_ram NULL C:/Users/mambr/OneDrive/Documentos/GitHub/arq/P2c_Picoblaze_Helloworld_RAM_INT_FLIP/P2c_Proyecto_Helloworld_RAM_INT_FLIP/stack_ram.vhd sub00/vhpl28 1768584564
AR t_state_and_reset low_level_definition C:/Users/mambr/OneDrive/Documentos/GitHub/arq/P2c_Picoblaze_Helloworld_RAM_INT_FLIP/P2c_Proyecto_Helloworld_RAM_INT_FLIP/T_state_and_Reset.vhd sub00/vhpl15 1768584551
AR pruebanuevo v1 C:/Users/mambr/OneDrive/Documentos/GitHub/arq/P2c_Picoblaze_Helloworld_RAM_INT_FLIP/P2c_Proyecto_Helloworld_RAM_INT_FLIP/pruebanuevo.vhd sub00/vhpl41 1768584577
AR vga_inter behavioral C:/Users/mambr/OneDrive/Documentos/GitHub/arq/P2c_Picoblaze_Helloworld_RAM_INT_FLIP/P2c_Proyecto_Helloworld_RAM_INT_FLIP/vga_inter.vhd sub00/vhpl45 1768584581
AR ram_nx1 behavioral C:/Users/mambr/OneDrive/Documentos/GitHub/arq/P2c_Picoblaze_Helloworld_RAM_INT_FLIP/P2c_Proyecto_Helloworld_RAM_INT_FLIP/register_bank.vhd sub00/vhpl27 1768584563
AR estados behavioral C:/Users/mambr/OneDrive/Documentos/GitHub/arq/P2c_Picoblaze_Helloworld_RAM_INT_FLIP/P2c_Proyecto_Helloworld_RAM_INT_FLIP/modulo_estados.vhd sub00/vhpl47 1768584583
EN io_strobe_logic NULL C:/Users/mambr/OneDrive/Documentos/GitHub/arq/P2c_Picoblaze_Helloworld_RAM_INT_FLIP/P2c_Proyecto_Helloworld_RAM_INT_FLIP/IO_strobe_logic.vhd sub00/vhpl02 1768584538
AR toplevel behavioral C:/Users/mambr/OneDrive/Documentos/GitHub/arq/P2c_Picoblaze_Helloworld_RAM_INT_FLIP/P2c_Proyecto_Helloworld_RAM_INT_FLIP/toplevel_helloworld_RAM_Int.vhd sub00/vhpl49 1768584585
EN arithmetic_process NULL C:/Users/mambr/OneDrive/Documentos/GitHub/arq/P2c_Picoblaze_Helloworld_RAM_INT_FLIP/P2c_Proyecto_Helloworld_RAM_INT_FLIP/arithmatic.vhd sub00/vhpl04 1768584540
AR interrupt_logic low_level_definition C:/Users/mambr/OneDrive/Documentos/GitHub/arq/P2c_Picoblaze_Helloworld_RAM_INT_FLIP/P2c_Proyecto_Helloworld_RAM_INT_FLIP/interrupt_logic.vhd sub00/vhpl37 1768584573
EN estados NULL C:/Users/mambr/OneDrive/Documentos/GitHub/arq/P2c_Picoblaze_Helloworld_RAM_INT_FLIP/P2c_Proyecto_Helloworld_RAM_INT_FLIP/modulo_estados.vhd sub00/vhpl46 1768584582
AR interrupt_capture low_level_definition C:/Users/mambr/OneDrive/Documentos/GitHub/arq/P2c_Picoblaze_Helloworld_RAM_INT_FLIP/P2c_Proyecto_Helloworld_RAM_INT_FLIP/interrupt_capture.vhd sub00/vhpl35 1768584571
EN ram_x1s NULL C:/Users/mambr/OneDrive/Documentos/GitHub/arq/P2c_Picoblaze_Helloworld_RAM_INT_FLIP/P2c_Proyecto_Helloworld_RAM_INT_FLIP/stack_ram.vhd sub00/vhpl30 1768584566
EN pruebanuevo NULL C:/Users/mambr/OneDrive/Documentos/GitHub/arq/P2c_Picoblaze_Helloworld_RAM_INT_FLIP/P2c_Proyecto_Helloworld_RAM_INT_FLIP/pruebanuevo.vhd sub00/vhpl40 1768584576
EN t_state_and_reset NULL C:/Users/mambr/OneDrive/Documentos/GitHub/arq/P2c_Picoblaze_Helloworld_RAM_INT_FLIP/P2c_Proyecto_Helloworld_RAM_INT_FLIP/T_state_and_Reset.vhd sub00/vhpl14 1768584550
EN picoblaze NULL C:/Users/mambr/OneDrive/Documentos/GitHub/arq/P2c_Picoblaze_Helloworld_RAM_INT_FLIP/P2c_Proyecto_Helloworld_RAM_INT_FLIP/picoblaze.vhd sub00/vhpl38 1768584574
AR zero_flag_logic low_level_definition C:/Users/mambr/OneDrive/Documentos/GitHub/arq/P2c_Picoblaze_Helloworld_RAM_INT_FLIP/P2c_Proyecto_Helloworld_RAM_INT_FLIP/zero_flag_logic.vhd sub00/vhpl21 1768584557
EN zero_flag_logic NULL C:/Users/mambr/OneDrive/Documentos/GitHub/arq/P2c_Picoblaze_Helloworld_RAM_INT_FLIP/P2c_Proyecto_Helloworld_RAM_INT_FLIP/zero_flag_logic.vhd sub00/vhpl20 1768584556
AR stack_counter low_level_definition C:/Users/mambr/OneDrive/Documentos/GitHub/arq/P2c_Picoblaze_Helloworld_RAM_INT_FLIP/P2c_Proyecto_Helloworld_RAM_INT_FLIP/stack_counter.vhd sub00/vhpl33 1768584569
EN interrupt_capture NULL C:/Users/mambr/OneDrive/Documentos/GitHub/arq/P2c_Picoblaze_Helloworld_RAM_INT_FLIP/P2c_Proyecto_Helloworld_RAM_INT_FLIP/interrupt_capture.vhd sub00/vhpl34 1768584570
EN ram_nx1 NULL C:/Users/mambr/OneDrive/Documentos/GitHub/arq/P2c_Picoblaze_Helloworld_RAM_INT_FLIP/P2c_Proyecto_Helloworld_RAM_INT_FLIP/register_bank.vhd sub00/vhpl26 1768584562
